../Core/Lib/CPDevVM/src/vmc.c:20:5:VMP_LoadProgramAndData	24	static
../Core/Lib/CPDevVM/src/vmc.c:37:6:VMP_PreCycle	8	static
../Core/Lib/CPDevVM/src/vmc.c:41:6:VMP_PostCycle	16	static
../Core/Lib/CPDevVM/src/vmc.c:65:6:VMP_PreNextCommand	4	static
../Core/Lib/CPDevVM/src/vmc.c:69:6:VMP_PreProgram	8	static
../Core/Lib/CPDevVM/src/vmc.c:74:6:VMP_PostProgram	4	static
../Core/Lib/CPDevVM/src/vmc.c:78:6:VMP_Debug	16	static
../Core/Lib/CPDevVM/src/vmc.c:82:6:VMP_ReadRTC	16	static
../Core/Lib/CPDevVM/src/vmc.c:86:9:VMP_WriteRTC	16	static
../Core/Lib/CPDevVM/src/vmc.c:89:9:VMP_CurrentTime	8	static
../Core/Lib/CPDevVM/src/vmc.c:93:9:VMP_GetRandom	16	static
../Core/Lib/CPDevVM/src/vmc.c:98:5:VMP_ExecNativeBlock	16	static
../Core/Lib/CPDevVM/src/vmc.c:102:5:VMP_InitNativeBlock	16	static
../Core/Lib/CPDevVM/src/vmc.c:107:9:VMP_FlashDataRead	16	static
../Core/Lib/CPDevVM/src/vmc.c:111:9:VMP_FlashDataWrite	16	static
../Core/Lib/CPDevVM/src/vmc.c:115:9:VMP_FlashDataControl	16	static
