Archive member included to satisfy reference by file (symbol)

c:/st/stm32cubeide_1.10.1/stm32cubeide/plugins/com.st.stm32cube.ide.mcu.externaltools.gnu-tools-for-stm32.10.3-2021.10.win32_1.0.0.202111181127/tools/bin/../lib/gcc/arm-none-eabi/10.3.1/../../../../arm-none-eabi/lib/thumb/v7e-m+fp/hard\libc_nano.a(lib_a-errno.o)
                              ./Core/Src/syscalls.o (__errno)
c:/st/stm32cubeide_1.10.1/stm32cubeide/plugins/com.st.stm32cube.ide.mcu.externaltools.gnu-tools-for-stm32.10.3-2021.10.win32_1.0.0.202111181127/tools/bin/../lib/gcc/arm-none-eabi/10.3.1/../../../../arm-none-eabi/lib/thumb/v7e-m+fp/hard\libc_nano.a(lib_a-exit.o)
                              c:/st/stm32cubeide_1.10.1/stm32cubeide/plugins/com.st.stm32cube.ide.mcu.externaltools.gnu-tools-for-stm32.10.3-2021.10.win32_1.0.0.202111181127/tools/bin/../lib/gcc/arm-none-eabi/10.3.1/../../../../arm-none-eabi/lib/thumb/v7e-m+fp/hard/crt0.o (exit)
c:/st/stm32cubeide_1.10.1/stm32cubeide/plugins/com.st.stm32cube.ide.mcu.externaltools.gnu-tools-for-stm32.10.3-2021.10.win32_1.0.0.202111181127/tools/bin/../lib/gcc/arm-none-eabi/10.3.1/../../../../arm-none-eabi/lib/thumb/v7e-m+fp/hard\libc_nano.a(lib_a-impure.o)
                              c:/st/stm32cubeide_1.10.1/stm32cubeide/plugins/com.st.stm32cube.ide.mcu.externaltools.gnu-tools-for-stm32.10.3-2021.10.win32_1.0.0.202111181127/tools/bin/../lib/gcc/arm-none-eabi/10.3.1/../../../../arm-none-eabi/lib/thumb/v7e-m+fp/hard\libc_nano.a(lib_a-exit.o) (_global_impure_ptr)
c:/st/stm32cubeide_1.10.1/stm32cubeide/plugins/com.st.stm32cube.ide.mcu.externaltools.gnu-tools-for-stm32.10.3-2021.10.win32_1.0.0.202111181127/tools/bin/../lib/gcc/arm-none-eabi/10.3.1/../../../../arm-none-eabi/lib/thumb/v7e-m+fp/hard\libc_nano.a(lib_a-init.o)
                              c:/st/stm32cubeide_1.10.1/stm32cubeide/plugins/com.st.stm32cube.ide.mcu.externaltools.gnu-tools-for-stm32.10.3-2021.10.win32_1.0.0.202111181127/tools/bin/../lib/gcc/arm-none-eabi/10.3.1/../../../../arm-none-eabi/lib/thumb/v7e-m+fp/hard/crt0.o (__libc_init_array)
c:/st/stm32cubeide_1.10.1/stm32cubeide/plugins/com.st.stm32cube.ide.mcu.externaltools.gnu-tools-for-stm32.10.3-2021.10.win32_1.0.0.202111181127/tools/bin/../lib/gcc/arm-none-eabi/10.3.1/../../../../arm-none-eabi/lib/thumb/v7e-m+fp/hard\libc_nano.a(lib_a-malloc.o)
                              ./Core/Lib/CPDevVM/src/VM/vm.o (malloc)
c:/st/stm32cubeide_1.10.1/stm32cubeide/plugins/com.st.stm32cube.ide.mcu.externaltools.gnu-tools-for-stm32.10.3-2021.10.win32_1.0.0.202111181127/tools/bin/../lib/gcc/arm-none-eabi/10.3.1/../../../../arm-none-eabi/lib/thumb/v7e-m+fp/hard\libc_nano.a(lib_a-memcpy-stub.o)
                              ./Core/Lib/CPDevVM/src/VM/vm.o (memcpy)
c:/st/stm32cubeide_1.10.1/stm32cubeide/plugins/com.st.stm32cube.ide.mcu.externaltools.gnu-tools-for-stm32.10.3-2021.10.win32_1.0.0.202111181127/tools/bin/../lib/gcc/arm-none-eabi/10.3.1/../../../../arm-none-eabi/lib/thumb/v7e-m+fp/hard\libc_nano.a(lib_a-memset.o)
                              c:/st/stm32cubeide_1.10.1/stm32cubeide/plugins/com.st.stm32cube.ide.mcu.externaltools.gnu-tools-for-stm32.10.3-2021.10.win32_1.0.0.202111181127/tools/bin/../lib/gcc/arm-none-eabi/10.3.1/../../../../arm-none-eabi/lib/thumb/v7e-m+fp/hard/crt0.o (memset)
c:/st/stm32cubeide_1.10.1/stm32cubeide/plugins/com.st.stm32cube.ide.mcu.externaltools.gnu-tools-for-stm32.10.3-2021.10.win32_1.0.0.202111181127/tools/bin/../lib/gcc/arm-none-eabi/10.3.1/../../../../arm-none-eabi/lib/thumb/v7e-m+fp/hard\libc_nano.a(lib_a-nano-freer.o)
                              c:/st/stm32cubeide_1.10.1/stm32cubeide/plugins/com.st.stm32cube.ide.mcu.externaltools.gnu-tools-for-stm32.10.3-2021.10.win32_1.0.0.202111181127/tools/bin/../lib/gcc/arm-none-eabi/10.3.1/../../../../arm-none-eabi/lib/thumb/v7e-m+fp/hard\libc_nano.a(lib_a-malloc.o) (_free_r)
c:/st/stm32cubeide_1.10.1/stm32cubeide/plugins/com.st.stm32cube.ide.mcu.externaltools.gnu-tools-for-stm32.10.3-2021.10.win32_1.0.0.202111181127/tools/bin/../lib/gcc/arm-none-eabi/10.3.1/../../../../arm-none-eabi/lib/thumb/v7e-m+fp/hard\libc_nano.a(lib_a-nano-mallocr.o)
                              c:/st/stm32cubeide_1.10.1/stm32cubeide/plugins/com.st.stm32cube.ide.mcu.externaltools.gnu-tools-for-stm32.10.3-2021.10.win32_1.0.0.202111181127/tools/bin/../lib/gcc/arm-none-eabi/10.3.1/../../../../arm-none-eabi/lib/thumb/v7e-m+fp/hard\libc_nano.a(lib_a-malloc.o) (_malloc_r)
c:/st/stm32cubeide_1.10.1/stm32cubeide/plugins/com.st.stm32cube.ide.mcu.externaltools.gnu-tools-for-stm32.10.3-2021.10.win32_1.0.0.202111181127/tools/bin/../lib/gcc/arm-none-eabi/10.3.1/../../../../arm-none-eabi/lib/thumb/v7e-m+fp/hard\libc_nano.a(lib_a-rand.o)
                              ./Core/Lib/CPDevVM/src/vmc.o (srand)
[...]
Memory Configuration

Name             Origin             Length             Attributes
RAM              0x0000000020000000 0x0000000000020000 xrw
FLASH            0x0000000008000000 0x0000000000080000 xr
*default*        0x0000000000000000 0xffffffffffffffff

Linker script and memory map

LOAD c:/st/stm32cubeide_1.10.1/stm32cubeide/plugins/com.st.stm32cube.ide.mcu.externaltools.gnu-tools-for-stm32.10.3-2021.10.win32_1.0.0.202111181127/tools/bin/../lib/gcc/arm-none-eabi/10.3.1/thumb/v7e-m+fp/hard/crti.o
LOAD c:/st/stm32cubeide_1.10.1/stm32cubeide/plugins/com.st.stm32cube.ide.mcu.externaltools.gnu-tools-for-stm32.10.3-2021.10.win32_1.0.0.202111181127/tools/bin/../lib/gcc/arm-none-eabi/10.3.1/thumb/v7e-m+fp/hard/crtbegin.o
LOAD c:/st/stm32cubeide_1.10.1/stm32cubeide/plugins/com.st.stm32cube.ide.mcu.externaltools.gnu-tools-for-stm32.10.3-2021.10.win32_1.0.0.202111181127/tools/bin/../lib/gcc/arm-none-eabi/10.3.1/../../../../arm-none-eabi/lib/thumb/v7e-m+fp/hard/crt0.o
LOAD ./Core/Lib/CPDevVM/src/VM/vm.o
LOAD ./Core/Lib/CPDevVM/src/VM/vmfunc/vm_data_access.o
LOAD ./Core/Lib/CPDevVM/src/vmc.o
LOAD ./Core/Lib/CPDev_XCPcodes/2020/16bit/BlinkRS/blink.o
LOAD ./Core/Lib/CPDev_XCPcodes/2020/16bit/ShipSim/ShipSim.o
LOAD ./Core/Lib/CPDev_XCPcodes/2020/16bit/test01/test1.o
LOAD ./Core/Lib/CPDev_XCPcodes/2020/16bit/test02/test2.o
LOAD ./Core/Lib/CPDev_XCPcodes/2020/16bit/test03/test3.o
LOAD ./Core/Lib/CPDev_XCPcodes/2020/32bit/2020_ShipSim/ShipSim32.o
LOAD ./Core/Lib/CPDev_XCPcodes/2020/32bitAlign/ShipSim_32ARM.o
LOAD ./Core/Lib/CPDev_XCPcodes/2020/32bitAlign/test1_32ARM.o
LOAD ./Core/Lib/CPDev_XCPcodes/2020/32bitAlign/test2_32ARM.o
LOAD ./Core/Lib/CPDev_XCPcodes/2020/32bitAlign/test3_32ARM.o
LOAD ./Core/Src/main.o
LOAD ./Core/Src/stm32f4xx_hal_msp.o
LOAD ./Core/Src/stm32f4xx_it.o
LOAD ./Core/Src/syscalls.o
LOAD ./Core/Src/sysmem.o
LOAD ./Core/Src/system_stm32f4xx.o
LOAD ./Core/Startup/startup_stm32f446retx.o
LOAD ./Drivers/STM32F4xx_HAL_Driver/Src/stm32f4xx_hal.o
LOAD ./Drivers/STM32F4xx_HAL_Driver/Src/stm32f4xx_hal_cortex.o
LOAD ./Drivers/STM32F4xx_HAL_Driver/Src/stm32f4xx_hal_dma.o
LOAD ./Drivers/STM32F4xx_HAL_Driver/Src/stm32f4xx_hal_dma_ex.o
LOAD ./Drivers/STM32F4xx_HAL_Driver/Src/stm32f4xx_hal_exti.o
LOAD ./Drivers/STM32F4xx_HAL_Driver/Src/stm32f4xx_hal_flash.o
LOAD ./Drivers/STM32F4xx_HAL_Driver/Src/stm32f4xx_hal_flash_ex.o
LOAD ./Drivers/STM32F4xx_HAL_Driver/Src/stm32f4xx_hal_flash_ramfunc.o
LOAD ./Drivers/STM32F4xx_HAL_Driver/Src/stm32f4xx_hal_gpio.o
LOAD ./Drivers/STM32F4xx_HAL_Driver/Src/stm32f4xx_hal_pwr.o
LOAD ./Drivers/STM32F4xx_HAL_Driver/Src/stm32f4xx_hal_pwr_ex.o
LOAD ./Drivers/STM32F4xx_HAL_Driver/Src/stm32f4xx_hal_rcc.o
LOAD ./Drivers/STM32F4xx_HAL_Driver/Src/stm32f4xx_hal_rcc_ex.o
LOAD ./Drivers/STM32F4xx_HAL_Driver/Src/stm32f4xx_hal_tim.o
LOAD ./Drivers/STM32F4xx_HAL_Driver/Src/stm32f4xx_hal_tim_ex.o
LOAD ./Drivers/STM32F4xx_HAL_Driver/Src/stm32f4xx_hal_uart.o
START GROUP
LOAD c:/st/stm32cubeide_1.10.1/stm32cubeide/plugins/com.st.stm32cube.ide.mcu.externaltools.gnu-tools-for-stm32.10.3-2021.10.win32_1.0.0.202111181127/tools/bin/../lib/gcc/arm-none-eabi/10.3.1/../../../../arm-none-eabi/lib/thumb/v7e-m+fp/hard\libc_nano.a
LOAD c:/st/stm32cubeide_1.10.1/stm32cubeide/plugins/com.st.stm32cube.ide.mcu.externaltools.gnu-tools-for-stm32.10.3-2021.10.win32_1.0.0.202111181127/tools/bin/../lib/gcc/arm-none-eabi/10.3.1/../../../../arm-none-eabi/lib/thumb/v7e-m+fp/hard\libm.a
END GROUP
START GROUP
LOAD c:/st/stm32cubeide_1.10.1/stm32cubeide/plugins/com.st.stm32cube.ide.mcu.externaltools.gnu-tools-for-stm32.10.3-2021.10.win32_1.0.0.202111181127/tools/bin/../lib/gcc/arm-none-eabi/10.3.1/thumb/v7e-m+fp/hard\libgcc.a
LOAD c:/st/stm32cubeide_1.10.1/stm32cubeide/plugins/com.st.stm32cube.ide.mcu.externaltools.gnu-tools-for-stm32.10.3-2021.10.win32_1.0.0.202111181127/tools/bin/../lib/gcc/arm-none-eabi/10.3.1/../../../../arm-none-eabi/lib/thumb/v7e-m+fp/hard\libc_nano.a
END GROUP
START GROUP
LOAD c:/st/stm32cubeide_1.10.1/stm32cubeide/plugins/com.st.stm32cube.ide.mcu.externaltools.gnu-tools-for-stm32.10.3-2021.10.win32_1.0.0.202111181127/tools/bin/../lib/gcc/arm-none-eabi/10.3.1/thumb/v7e-m+fp/hard\libgcc.a
LOAD c:/st/stm32cubeide_1.10.1/stm32cubeide/plugins/com.st.stm32cube.ide.mcu.externaltools.gnu-tools-for-stm32.10.3-2021.10.win32_1.0.0.202111181127/tools/bin/../lib/gcc/arm-none-eabi/10.3.1/../../../../arm-none-eabi/lib/thumb/v7e-m+fp/hard\libc_nano.a
LOAD c:/st/stm32cubeide_1.10.1/stm32cubeide/plugins/com.st.stm32cube.ide.mcu.externaltools.gnu-tools-for-stm32.10.3-2021.10.win32_1.0.0.202111181127/tools/bin/../lib/gcc/arm-none-eabi/10.3.1/../../../../arm-none-eabi/lib/thumb/v7e-m+fp/hard\libnosys.a
END GROUP
START GROUP
LOAD c:/st/stm32cubeide_1.10.1/stm32cubeide/plugins/com.st.stm32cube.ide.mcu.externaltools.gnu-tools-for-stm32.10.3-2021.10.win32_1.0.0.202111181127/tools/bin/../lib/gcc/arm-none-eabi/10.3.1/thumb/v7e-m+fp/hard\libgcc.a
LOAD c:/st/stm32cubeide_1.10.1/stm32cubeide/plugins/com.st.stm32cube.ide.mcu.externaltools.gnu-tools-for-stm32.10.3-2021.10.win32_1.0.0.202111181127/tools/bin/../lib/gcc/arm-none-eabi/10.3.1/../../../../arm-none-eabi/lib/thumb/v7e-m+fp/hard\libc_nano.a
LOAD c:/st/stm32cubeide_1.10.1/stm32cubeide/plugins/com.st.stm32cube.ide.mcu.externaltools.gnu-tools-for-stm32.10.3-2021.10.win32_1.0.0.202111181127/tools/bin/../lib/gcc/arm-none-eabi/10.3.1/../../../../arm-none-eabi/lib/thumb/v7e-m+fp/hard\libnosys.a
END GROUP
LOAD c:/st/stm32cubeide_1.10.1/stm32cubeide/plugins/com.st.stm32cube.ide.mcu.externaltools.gnu-tools-for-stm32.10.3-2021.10.win32_1.0.0.202111181127/tools/bin/../lib/gcc/arm-none-eabi/10.3.1/thumb/v7e-m+fp/hard/crtend.o
LOAD c:/st/stm32cubeide_1.10.1/stm32cubeide/plugins/com.st.stm32cube.ide.mcu.externaltools.gnu-tools-for-stm32.10.3-2021.10.win32_1.0.0.202111181127/tools/bin/../lib/gcc/arm-none-eabi/10.3.1/thumb/v7e-m+fp/hard/crtn.o
                0x0000000020020000                _estack = (ORIGIN (RAM) + LENGTH (RAM))
                0x0000000000000200                _Min_Heap_Size = 0x200
                0x0000000000000400                _Min_Stack_Size = 0x400

.isr_vector     0x0000000008000000      0x1c4
                0x0000000008000000                . = ALIGN (0x4)
 *(.isr_vector)
 .isr_vector    0x0000000008000000      0x1c4 ./Core/Startup/startup_stm32f446retx.o
                0x0000000008000000                g_pfnVectors
                0x00000000080001c4                . = ALIGN (0x4)

.text           0x00000000080001d0    0x1300c
                0x00000000080001d0                . = ALIGN (0x4)
 *(.text)
 .text          0x00000000080001d0       0x40 c:/st/stm32cubeide_1.10.1/stm32cubeide/plugins/com.st.stm32cube.ide.mcu.externaltools.gnu-tools-for-stm32.10.3-2021.10.win32_1.0.0.202111181127/tools/bin/../lib/gcc/arm-none-eabi/10.3.1/thumb/v7e-m+fp/hard/crtbegin.o
 .text          0x0000000008000210       0xa0 c:/st/stm32cubeide_1.10.1/stm32cubeide/plugins/com.st.stm32cube.ide.mcu.externaltools.gnu-tools-for-stm32.10.3-2021.10.win32_1.0.0.202111181127/tools/bin/../lib/gcc/arm-none-eabi/10.3.1/../../../../arm-none-eabi/lib/thumb/v7e-m+fp/hard\libc_nano.a(lib_a-memchr.o)
                0x0000000008000210                memchr
 .text          0x00000000080002b0      0x378 c:/st/stm32cubeide_1.10.1/stm32cubeide/plugins/com.st.stm32cube.ide.mcu.externaltools.gnu-tools-for-stm32.10.3-2021.10.win32_1.0.0.202111181127/tools/bin/../lib/gcc/arm-none-eabi/10.3.1/thumb/v7e-m+fp/hard\libgcc.a(_arm_addsubdf3.o)
                0x00000000080002b0                __aeabi_drsub
                0x00000000080002b8                __aeabi_dsub
                0x00000000080002b8                __subdf3
                0x00000000080002bc                __aeabi_dadd
                0x00000000080002bc                __adddf3
                0x0000000008000534                __floatunsidf
                0x0000000008000534                __aeabi_ui2d
                0x0000000008000554                __floatsidf
                0x0000000008000554                __aeabi_i2d
                0x0000000008000578                __aeabi_f2d
                0x0000000008000578                __extendsfdf2
                0x00000000080005bc                __floatundidf
                0x00000000080005bc                __aeabi_ul2d
                0x00000000080005cc                __floatdidf
                0x00000000080005cc                __aeabi_l2d
 .text          0x0000000008000628      0x424 c:/st/stm32cubeide_1.10.1/stm32cubeide/plugins/com.st.stm32cube.ide.mcu.externaltools.gnu-tools-for-stm32.10.3-2021.10.win32_1.0.0.202111181127/tools/bin/../lib/gcc/arm-none-eabi/10.3.1/thumb/v7e-m+fp/hard\libgcc.a(_arm_muldivdf3.o)
                0x0000000008000628                __aeabi_dmul
                0x0000000008000628                __muldf3
                0x000000000800087c                __divdf3
                0x000000000800087c                __aeabi_ddiv
 .text          0x0000000008000a4c      0x110 c:/st/stm32cubeide_1.10.1/stm32cubeide/plugins/com.st.stm32cube.ide.mcu.externaltools.gnu-tools-for-stm32.10.3-2021.10.win32_1.0.0.202111181127/tools/bin/../lib/gcc/arm-none-eabi/10.3.1/thumb/v7e-m+fp/hard\libgcc.a(_arm_cmpdf2.o)
                0x0000000008000a4c                __gtdf2
                0x0000000008000a4c                __gedf2
                0x0000000008000a54                __ltdf2
                0x0000000008000a54                __ledf2
                0x0000000008000a5c                __nedf2
                0x0000000008000a5c                __eqdf2
                0x0000000008000a5c                __cmpdf2
                0x0000000008000ad8                __aeabi_cdrcmple
                0x0000000008000ae8                __aeabi_cdcmpeq
                0x0000000008000ae8                __aeabi_cdcmple
                0x0000000008000af8                __aeabi_dcmpeq
                0x0000000008000b0c                __aeabi_dcmplt
                0x0000000008000b20                __aeabi_dcmple
                0x0000000008000b34                __aeabi_dcmpge
                0x0000000008000b48                __aeabi_dcmpgt
 .text          0x0000000008000b5c       0x2c c:/st/stm32cubeide_1.10.1/stm32cubeide/plugins/com.st.stm32cube.ide.mcu.externaltools.gnu-tools-for-stm32.10.3-2021.10.win32_1.0.0.202111181127/tools/bin/../lib/gcc/arm-none-eabi/10.3.1/thumb/v7e-m+fp/hard\libgcc.a(_arm_unorddf2.o)
                0x0000000008000b5c                __unorddf2
                0x0000000008000b5c                __aeabi_dcmpun
 .text          0x0000000008000b88       0x50 c:/st/stm32cubeide_1.10.1/stm32cubeide/plugins/com.st.stm32cube.ide.mcu.externaltools.gnu-tools-for-stm32.10.3-2021.10.win32_1.0.0.202111181127/tools/bin/../lib/gcc/arm-none-eabi/10.3.1/thumb/v7e-m+fp/hard\libgcc.a(_arm_fixdfsi.o)
                0x0000000008000b88                __aeabi_d2iz
                0x0000000008000b88                __fixdfsi
 .text          0x0000000008000bd8       0xa0 c:/st/stm32cubeide_1.10.1/stm32cubeide/plugins/com.st.stm32cube.ide.mcu.externaltools.gnu-tools-for-stm32.10.3-2021.10.win32_1.0.0.202111181127/tools/bin/../lib/gcc/arm-none-eabi/10.3.1/thumb/v7e-m+fp/hard\libgcc.a(_arm_truncdfsf2.o)
                0x0000000008000bd8                __truncdfsf2
                0x0000000008000bd8                __aeabi_d2f
 .text          0x0000000008000c78       0xa0 c:/st/stm32cubeide_1.10.1/stm32cubeide/plugins/com.st.stm32cube.ide.mcu.externaltools.gnu-tools-for-stm32.10.3-2021.10.win32_1.0.0.202111181127/tools/bin/../lib/gcc/arm-none-eabi/10.3.1/thumb/v7e-m+fp/hard\libgcc.a(_aeabi_ldivmod.o)
                0x0000000008000c78                __aeabi_ldivmod
 .text          0x0000000008000d18       0x30 c:/st/stm32cubeide_1.10.1/stm32cubeide/plugins/com.st.stm32cube.ide.mcu.externaltools.gnu-tools-for-stm32.10.3-2021.10.win32_1.0.0.202111181127/tools/bin/../lib/gcc/arm-none-eabi/10.3.1/thumb/v7e-m+fp/hard\libgcc.a(_aeabi_uldivmod.o)
                0x0000000008000d18                __aeabi_uldivmod
 .text          0x0000000008000d48       0x30 c:/st/stm32cubeide_1.10.1/stm32cubeide/plugins/com.st.stm32cube.ide.mcu.externaltools.gnu-tools-for-stm32.10.3-2021.10.win32_1.0.0.202111181127/tools/bin/../lib/gcc/arm-none-eabi/10.3.1/thumb/v7e-m+fp/hard\libgcc.a(_fixdfdi.o)
                0x0000000008000d48                __fixdfdi
                0x0000000008000d48                __aeabi_d2lz
 .text          0x0000000008000d78       0x3c c:/st/stm32cubeide_1.10.1/stm32cubeide/plugins/com.st.stm32cube.ide.mcu.externaltools.gnu-tools-for-stm32.10.3-2021.10.win32_1.0.0.202111181127/tools/bin/../lib/gcc/arm-none-eabi/10.3.1/thumb/v7e-m+fp/hard\libgcc.a(_fixunsdfdi.o)
                0x0000000008000d78                __fixunsdfdi
                0x0000000008000d78                __aeabi_d2ulz
 .text          0x0000000008000db4      0x2d0 c:/st/stm32cubeide_1.10.1/stm32cubeide/plugins/com.st.stm32cube.ide.mcu.externaltools.gnu-tools-for-stm32.10.3-2021.10.win32_1.0.0.202111181127/tools/bin/../lib/gcc/arm-none-eabi/10.3.1/thumb/v7e-m+fp/hard\libgcc.a(_udivmoddi4.o)
                0x0000000008000db4                __udivmoddi4
 .text          0x0000000008001084        0x4 c:/st/stm32cubeide_1.10.1/stm32cubeide/plugins/com.st.stm32cube.ide.mcu.externaltools.gnu-tools-for-stm32.10.3-2021.10.win32_1.0.0.202111181127/tools/bin/../lib/gcc/arm-none-eabi/10.3.1/thumb/v7e-m+fp/hard\libgcc.a(_dvmd_tls.o)
                0x0000000008001084                __aeabi_idiv0
                0x0000000008001084                __aeabi_ldiv0
 .text          0x0000000008001088       0x40 c:/st/stm32cubeide_1.10.1/stm32cubeide/plugins/com.st.stm32cube.ide.mcu.externaltools.gnu-tools-for-stm32.10.3-2021.10.win32_1.0.0.202111181127/tools/bin/../lib/gcc/arm-none-eabi/10.3.1/thumb/v7e-m+fp/hard\libgcc.a(_arm_fixunsdfsi.o)
                0x0000000008001088                __aeabi_d2uiz
                0x0000000008001088                __fixunsdfsi
 *(.text*)
 .text.WMC_SYSCTRL
                0x00000000080010c8      0xce0 ./Core/Lib/CPDevVM/src/VM/vm.o
                0x00000000080010c8                WMC_SYSCTRL
 .text.WMC_MMV  0x0000000008001da8       0x60 ./Core/Lib/CPDevVM/src/VM/vm.o
                0x0000000008001da8                WMC_MMV
 .text.WMC_Custom
                0x0000000008001e08      0x188 ./Core/Lib/CPDevVM/src/VM/vm.o
                0x0000000008001e08                WMC_Custom
 .text.WMC_ADD  0x0000000008001f90      0x454 ./Core/Lib/CPDevVM/src/VM/vm.o
                0x0000000008001f90                WMC_ADD
 .text.WMC_SUB  0x00000000080023e4      0x2cc ./Core/Lib/CPDevVM/src/VM/vm.o
                0x00000000080023e4                WMC_SUB
 .text.WMC_MUL  0x00000000080026b0      0x3a4 ./Core/Lib/CPDevVM/src/VM/vm.o
                0x00000000080026b0                WMC_MUL
 .text.WMC_DIV_MOD
                0x0000000008002a54      0x4dc ./Core/Lib/CPDevVM/src/VM/vm.o
                0x0000000008002a54                WMC_DIV_MOD
 .text.WMC_NEG_NOT
                0x0000000008002f30      0x24c ./Core/Lib/CPDevVM/src/VM/vm.o
                0x0000000008002f30                WMC_NEG_NOT
 .text.WMC_EXPT
                0x000000000800317c      0x434 ./Core/Lib/CPDevVM/src/VM/vm.o
                0x000000000800317c                WMC_EXPT
 .text.WMC_ABS  0x00000000080035b0      0x224 ./Core/Lib/CPDevVM/src/VM/vm.o
                0x00000000080035b0                WMC_ABS
 .text.WMC_MATH
                0x00000000080037d4      0x608 ./Core/Lib/CPDevVM/src/VM/vm.o
                0x00000000080037d4                WMC_MATH
 .text.WMC_EXPT_ABS
                0x0000000008003ddc       0x3a ./Core/Lib/CPDevVM/src/VM/vm.o
                0x0000000008003ddc                WMC_EXPT_ABS
 *fill*         0x0000000008003e16        0x2 
 .text.WMC_AND  0x0000000008003e18      0x1e8 ./Core/Lib/CPDevVM/src/VM/vm.o
                0x0000000008003e18                WMC_AND
 .text.WMC_OR   0x0000000008004000      0x1e4 ./Core/Lib/CPDevVM/src/VM/vm.o
                0x0000000008004000                WMC_OR
 .text.WMC_XOR  0x00000000080041e4      0x234 ./Core/Lib/CPDevVM/src/VM/vm.o
                0x00000000080041e4                WMC_XOR
 .text.WMC_SHI_ROT
                0x0000000008004418      0x564 ./Core/Lib/CPDevVM/src/VM/vm.o
                0x0000000008004418                WMC_SHI_ROT
 .text.WMC_SEL  0x000000000800497c      0x72c ./Core/Lib/CPDevVM/src/VM/vm.o
                0x000000000800497c                WMC_SEL
 .text.WMC_LIMIT
                0x00000000080050a8      0x89c ./Core/Lib/CPDevVM/src/VM/vm.o
                0x00000000080050a8                WMC_LIMIT
 .text.WMC_MAX  0x0000000008005944      0x5ac ./Core/Lib/CPDevVM/src/VM/vm.o
                0x0000000008005944                WMC_MAX
 .text.WMC_MIN  0x0000000008005ef0      0x5ac ./Core/Lib/CPDevVM/src/VM/vm.o
                0x0000000008005ef0                WMC_MIN
 .text.WMC_GT   0x000000000800649c      0x5e0 ./Core/Lib/CPDevVM/src/VM/vm.o
                0x000000000800649c                WMC_GT
 .text.WMC_GE   0x0000000008006a7c      0x608 ./Core/Lib/CPDevVM/src/VM/vm.o
                0x0000000008006a7c                WMC_GE
 .text.WMC_LT   0x0000000008007084      0x5e0 ./Core/Lib/CPDevVM/src/VM/vm.o
                0x0000000008007084                WMC_LT
 .text.WMC_LE   0x0000000008007664      0x608 ./Core/Lib/CPDevVM/src/VM/vm.o
                0x0000000008007664                WMC_LE
 .text.WMC_EQ   0x0000000008007c6c      0x5ec ./Core/Lib/CPDevVM/src/VM/vm.o
                0x0000000008007c6c                WMC_EQ
 .text.WMC_NE   0x0000000008008258      0x614 ./Core/Lib/CPDevVM/src/VM/vm.o
                0x0000000008008258                WMC_NE
 .text.WMC_MUX  0x000000000800886c      0x5e0 ./Core/Lib/CPDevVM/src/VM/vm.o
                0x000000000800886c                WMC_MUX
 .text.WMC_CONV
                0x0000000008008e4c      0x4b0 ./Core/Lib/CPDevVM/src/VM/vm.o
                0x0000000008008e4c                WMC_CONV
 .text.WMC_DOW  0x00000000080092fc       0xbc ./Core/Lib/CPDevVM/src/VM/vm.o
                0x00000000080092fc                WMC_DOW
 .text.equDATE  0x00000000080093b8       0x24 ./Core/Lib/CPDevVM/src/VM/vm.o
                0x00000000080093b8                equDATE
 .text.equTOD   0x00000000080093dc       0x24 ./Core/Lib/CPDevVM/src/VM/vm.o
                0x00000000080093dc                equTOD
 .text.equDATE_AND_TIME
                0x0000000008009400       0x42 ./Core/Lib/CPDevVM/src/VM/vm.o
                0x0000000008009400                equDATE_AND_TIME
 .text.lessDATE
                0x0000000008009442       0x24 ./Core/Lib/CPDevVM/src/VM/vm.o
                0x0000000008009442                lessDATE
 .text.lessTOD  0x0000000008009466       0x24 ./Core/Lib/CPDevVM/src/VM/vm.o
                0x0000000008009466                lessTOD
 .text.lessDATE_AND_TIME
                0x000000000800948a       0x50 ./Core/Lib/CPDevVM/src/VM/vm.o
                0x000000000800948a                lessDATE_AND_TIME
 *fill*         0x00000000080094da        0x2 
 .text.dow      0x00000000080094dc       0x90 ./Core/Lib/CPDevVM/src/VM/vm.o
                0x00000000080094dc                dow
 .text.WMC_Pointers
                0x000000000800956c      0x184 ./Core/Lib/CPDevVM/src/VM/vm.o
                0x000000000800956c                WMC_Pointers
 .text.WMC_String
                0x00000000080096f0     0x1628 ./Core/Lib/CPDevVM/src/VM/vm.o
                0x00000000080096f0                WMC_String
 .text.copySTRING
                0x000000000800ad18       0x84 ./Core/Lib/CPDevVM/src/VM/vm.o
                0x000000000800ad18                copySTRING
 .text.lessSTRING
                0x000000000800ad9c       0x58 ./Core/Lib/CPDevVM/src/VM/vm.o
                0x000000000800ad9c                lessSTRING
 .text.equSTRING
                0x000000000800adf4       0x42 ./Core/Lib/CPDevVM/src/VM/vm.o
                0x000000000800adf4                equSTRING
 .text.midSTRING
                0x000000000800ae36       0x8e ./Core/Lib/CPDevVM/src/VM/vm.o
                0x000000000800ae36                midSTRING
 .text.findSTRING
                0x000000000800aec4       0x96 ./Core/Lib/CPDevVM/src/VM/vm.o
                0x000000000800aec4                findSTRING
 *fill*         0x000000000800af5a        0x2 
 .text.getSTRING
                0x000000000800af5c       0x6c ./Core/Lib/CPDevVM/src/VM/vm.o
                0x000000000800af5c                getSTRING
 .text.setSTRING
                0x000000000800afc8       0x7c ./Core/Lib/CPDevVM/src/VM/vm.o
                0x000000000800afc8                setSTRING
 .text.push_DataOfsStack
                0x000000000800b044       0x34 ./Core/Lib/CPDevVM/src/VM/vm.o
                0x000000000800b044                push_DataOfsStack
 .text.pull_DataOfsStack
                0x000000000800b078       0x3c ./Core/Lib/CPDevVM/src/VM/vm.o
                0x000000000800b078                pull_DataOfsStack
 .text.push_CallingStack
                0x000000000800b0b4       0x34 ./Core/Lib/CPDevVM/src/VM/vm.o
                0x000000000800b0b4                push_CallingStack
 .text.pull_CallingStack
                0x000000000800b0e8       0x3c ./Core/Lib/CPDevVM/src/VM/vm.o
                0x000000000800b0e8                pull_CallingStack
 .text.clear_Stacks
                0x000000000800b124       0x24 ./Core/Lib/CPDevVM/src/VM/vm.o
                0x000000000800b124                clear_Stacks
 .text.WM_InitRegisters
                0x000000000800b148       0x58 ./Core/Lib/CPDevVM/src/VM/vm.o
                0x000000000800b148                WM_InitRegisters
 .text.WM_RunCommand
                0x000000000800b1a0      0x238 ./Core/Lib/CPDevVM/src/VM/vm.o
                0x000000000800b1a0                WM_RunCommand
 .text.WM_Initialize
                0x000000000800b3d8       0x80 ./Core/Lib/CPDevVM/src/VM/vm.o
                0x000000000800b3d8                WM_Initialize
 .text.WM_RunCycle
                0x000000000800b458       0x5c ./Core/Lib/CPDevVM/src/VM/vm.o
                0x000000000800b458                WM_RunCycle
 .text.WM_Stop  0x000000000800b4b4       0x1c ./Core/Lib/CPDevVM/src/VM/vm.o
                0x000000000800b4b4                WM_Stop
 .text.WM_GetData
                0x000000000800b4d0       0x30 ./Core/Lib/CPDevVM/src/VM/vm.o
                0x000000000800b4d0                WM_GetData
 .text.GetProgramWord
                0x000000000800b500       0x38 ./Core/Lib/CPDevVM/src/VM/vmfunc/vm_data_access.o
                0x000000000800b500                GetProgramWord
 .text.GetProgramDWord
                0x000000000800b538       0x34 ./Core/Lib/CPDevVM/src/VM/vmfunc/vm_data_access.o
                0x000000000800b538                GetProgramDWord
 .text.GetProgramAddress
                0x000000000800b56c       0x34 ./Core/Lib/CPDevVM/src/VM/vmfunc/vm_data_access.o
                0x000000000800b56c                GetProgramAddress
 .text.getREAL  0x000000000800b5a0       0x38 ./Core/Lib/CPDevVM/src/VM/vmfunc/vm_data_access.o
                0x000000000800b5a0                getREAL
 .text.setREAL  0x000000000800b5d8       0x34 ./Core/Lib/CPDevVM/src/VM/vmfunc/vm_data_access.o
                0x000000000800b5d8                setREAL
 .text.getLREAL
                0x000000000800b60c       0x40 ./Core/Lib/CPDevVM/src/VM/vmfunc/vm_data_access.o
                0x000000000800b60c                getLREAL
 .text.setLREAL
                0x000000000800b64c       0x34 ./Core/Lib/CPDevVM/src/VM/vmfunc/vm_data_access.o
                0x000000000800b64c                setLREAL
 .text.getINT   0x000000000800b680       0x34 ./Core/Lib/CPDevVM/src/VM/vmfunc/vm_data_access.o
                0x000000000800b680                getINT
 .text.setINT   0x000000000800b6b4       0x34 ./Core/Lib/CPDevVM/src/VM/vmfunc/vm_data_access.o
                0x000000000800b6b4                setINT
 .text.getDINT  0x000000000800b6e8       0x30 ./Core/Lib/CPDevVM/src/VM/vmfunc/vm_data_access.o
                0x000000000800b6e8                getDINT
 .text.setDINT  0x000000000800b718       0x30 ./Core/Lib/CPDevVM/src/VM/vmfunc/vm_data_access.o
                0x000000000800b718                setDINT
 .text.getLINT  0x000000000800b748       0x38 ./Core/Lib/CPDevVM/src/VM/vmfunc/vm_data_access.o
                0x000000000800b748                getLINT
 .text.setLINT  0x000000000800b780       0x34 ./Core/Lib/CPDevVM/src/VM/vmfunc/vm_data_access.o
                0x000000000800b780                setLINT
 .text.VMP_LoadProgramAndData
                0x000000000800b7b4       0x58 ./Core/Lib/CPDevVM/src/vmc.o
                0x000000000800b7b4                VMP_LoadProgramAndData
 .text.VMP_PreCycle
                0x000000000800b80c       0x18 ./Core/Lib/CPDevVM/src/vmc.o
                0x000000000800b80c                VMP_PreCycle
 .text.VMP_PostCycle
                0x000000000800b824       0x6c ./Core/Lib/CPDevVM/src/vmc.o
                0x000000000800b824                VMP_PostCycle
 .text.VMP_PreNextCommand
                0x000000000800b890        0xe ./Core/Lib/CPDevVM/src/vmc.o
                0x000000000800b890                VMP_PreNextCommand
 .text.VMP_PreProgram
                0x000000000800b89e       0x14 ./Core/Lib/CPDevVM/src/vmc.o
                0x000000000800b89e                VMP_PreProgram
 .text.VMP_Debug
                0x000000000800b8b2       0x1c ./Core/Lib/CPDevVM/src/vmc.o
                0x000000000800b8b2                VMP_Debug
 .text.VMP_ReadRTC
                0x000000000800b8ce       0x14 ./Core/Lib/CPDevVM/src/vmc.o
                0x000000000800b8ce                VMP_ReadRTC
 .text.VMP_WriteRTC
                0x000000000800b8e2       0x16 ./Core/Lib/CPDevVM/src/vmc.o
                0x000000000800b8e2                VMP_WriteRTC
 .text.VMP_CurrentTime
                0x000000000800b8f8        0xe ./Core/Lib/CPDevVM/src/vmc.o
                0x000000000800b8f8                VMP_CurrentTime
 .text.VMP_GetRandom
                0x000000000800b906       0x34 ./Core/Lib/CPDevVM/src/vmc.o
                0x000000000800b906                VMP_GetRandom
 .text.VMP_ExecNativeBlock
                0x000000000800b93a       0x1a ./Core/Lib/CPDevVM/src/vmc.o
                0x000000000800b93a                VMP_ExecNativeBlock
 .text.VMP_InitNativeBlock
                0x000000000800b954       0x1a ./Core/Lib/CPDevVM/src/vmc.o
                0x000000000800b954                VMP_InitNativeBlock
 .text.VMP_FlashDataRead
                0x000000000800b96e       0x1a ./Core/Lib/CPDevVM/src/vmc.o
                0x000000000800b96e                VMP_FlashDataRead
 .text.VMP_FlashDataWrite
                0x000000000800b988       0x1a ./Core/Lib/CPDevVM/src/vmc.o
                0x000000000800b988                VMP_FlashDataWrite
 .text.VMP_FlashDataControl
                0x000000000800b9a2       0x18 ./Core/Lib/CPDevVM/src/vmc.o
                0x000000000800b9a2                VMP_FlashDataControl
 *fill*         0x000000000800b9ba        0x2 
 .text.HAL_UARTEx_RxEventCallback
                0x000000000800b9bc       0x7c ./Core/Src/main.o
                0x000000000800b9bc                HAL_UARTEx_RxEventCallback
 .text.main     0x000000000800ba38       0xa4 ./Core/Src/main.o
                0x000000000800ba38                main
 .text.SystemClock_Config
                0x000000000800badc       0xdc ./Core/Src/main.o
                0x000000000800badc                SystemClock_Config
 .text.MX_USART2_UART_Init
                0x000000000800bbb8       0x54 ./Core/Src/main.o
 .text.MX_DMA_Init
                0x000000000800bc0c       0x40 ./Core/Src/main.o
 .text.MX_GPIO_Init
                0x000000000800bc4c       0xdc ./Core/Src/main.o
 .text.Error_Handler
                0x000000000800bd28        0xa ./Core/Src/main.o
                0x000000000800bd28                Error_Handler
 *fill*         0x000000000800bd32        0x2 
 .text.HAL_MspInit
                0x000000000800bd34       0x50 ./Core/Src/stm32f4xx_hal_msp.o
                0x000000000800bd34                HAL_MspInit
 .text.HAL_UART_MspInit
                0x000000000800bd84      0x104 ./Core/Src/stm32f4xx_hal_msp.o
                0x000000000800bd84                HAL_UART_MspInit
 .text.NMI_Handler
                0x000000000800be88        0x6 ./Core/Src/stm32f4xx_it.o
                0x000000000800be88                NMI_Handler
 .text.HardFault_Handler
                0x000000000800be8e        0x6 ./Core/Src/stm32f4xx_it.o
                0x000000000800be8e                HardFault_Handler
 .text.MemManage_Handler
                0x000000000800be94        0x6 ./Core/Src/stm32f4xx_it.o
                0x000000000800be94                MemManage_Handler
 .text.BusFault_Handler
                0x000000000800be9a        0x6 ./Core/Src/stm32f4xx_it.o
                0x000000000800be9a                BusFault_Handler
 .text.UsageFault_Handler
                0x000000000800bea0        0x6 ./Core/Src/stm32f4xx_it.o
                0x000000000800bea0                UsageFault_Handler
 .text.SVC_Handler
                0x000000000800bea6        0xe ./Core/Src/stm32f4xx_it.o
                0x000000000800bea6                SVC_Handler
 .text.DebugMon_Handler
                0x000000000800beb4        0xe ./Core/Src/stm32f4xx_it.o
                0x000000000800beb4                DebugMon_Handler
 .text.PendSV_Handler
                0x000000000800bec2        0xe ./Core/Src/stm32f4xx_it.o
                0x000000000800bec2                PendSV_Handler
 .text.SysTick_Handler
                0x000000000800bed0        0xc ./Core/Src/stm32f4xx_it.o
                0x000000000800bed0                SysTick_Handler
 .text.DMA1_Stream5_IRQHandler
                0x000000000800bedc       0x14 ./Core/Src/stm32f4xx_it.o
                0x000000000800bedc                DMA1_Stream5_IRQHandler
 .text.USART2_IRQHandler
                0x000000000800bef0       0x14 ./Core/Src/stm32f4xx_it.o
                0x000000000800bef0                USART2_IRQHandler
 .text._getpid  0x000000000800bf04       0x10 ./Core/Src/syscalls.o
                0x000000000800bf04                _getpid
 .text._kill    0x000000000800bf14       0x20 ./Core/Src/syscalls.o
                0x000000000800bf14                _kill
 .text._exit    0x000000000800bf34       0x14 ./Core/Src/syscalls.o
                0x000000000800bf34                _exit
 .text._read    0x000000000800bf48       0x3a ./Core/Src/syscalls.o
                0x000000000800bf48                _read
 .text._write   0x000000000800bf82       0x38 ./Core/Src/syscalls.o
                0x000000000800bf82                _write
 .text._close   0x000000000800bfba       0x18 ./Core/Src/syscalls.o
                0x000000000800bfba                _close
 .text._fstat   0x000000000800bfd2       0x20 ./Core/Src/syscalls.o
                0x000000000800bfd2                _fstat
 .text._isatty  0x000000000800bff2       0x16 ./Core/Src/syscalls.o
                0x000000000800bff2                _isatty
 .text._lseek   0x000000000800c008       0x1a ./Core/Src/syscalls.o
                0x000000000800c008                _lseek
 *fill*         0x000000000800c022        0x2 
 .text._sbrk    0x000000000800c024       0x6c ./Core/Src/sysmem.o
                0x000000000800c024                _sbrk
 .text.SystemInit
                0x000000000800c090       0x24 ./Core/Src/system_stm32f4xx.o
                0x000000000800c090                SystemInit
 .text.Reset_Handler
                0x000000000800c0b4       0x50 ./Core/Startup/startup_stm32f446retx.o
                0x000000000800c0b4                Reset_Handler
 .text.Default_Handler
                0x000000000800c104        0x2 ./Core/Startup/startup_stm32f446retx.o
                0x000000000800c104                RTC_Alarm_IRQHandler
                0x000000000800c104                EXTI2_IRQHandler
                0x000000000800c104                TIM8_CC_IRQHandler
                0x000000000800c104                FMPI2C1_EV_IRQHandler
                0x000000000800c104                SPI4_IRQHandler
                0x000000000800c104                TIM1_CC_IRQHandler
                0x000000000800c104                DMA2_Stream5_IRQHandler
                0x000000000800c104                PVD_IRQHandler
                0x000000000800c104                SDIO_IRQHandler
                0x000000000800c104                TAMP_STAMP_IRQHandler
                0x000000000800c104                CAN2_RX1_IRQHandler
                0x000000000800c104                EXTI3_IRQHandler
                0x000000000800c104                TIM8_TRG_COM_TIM14_IRQHandler
                0x000000000800c104                TIM1_UP_TIM10_IRQHandler
                0x000000000800c104                TIM8_UP_TIM13_IRQHandler
                0x000000000800c104                I2C3_ER_IRQHandler
                0x000000000800c104                EXTI0_IRQHandler
                0x000000000800c104                I2C2_EV_IRQHandler
                0x000000000800c104                DMA1_Stream2_IRQHandler
                0x000000000800c104                CAN1_RX0_IRQHandler
                0x000000000800c104                FPU_IRQHandler
                0x000000000800c104                OTG_HS_WKUP_IRQHandler
                0x000000000800c104                CAN2_SCE_IRQHandler
                0x000000000800c104                DMA2_Stream2_IRQHandler
                0x000000000800c104                SPI1_IRQHandler
                0x000000000800c104                TIM6_DAC_IRQHandler
                0x000000000800c104                TIM1_BRK_TIM9_IRQHandler
                0x000000000800c104                DCMI_IRQHandler
                0x000000000800c104                CAN2_RX0_IRQHandler
                0x000000000800c104                DMA2_Stream3_IRQHandler
                0x000000000800c104                SAI2_IRQHandler
                0x000000000800c104                USART6_IRQHandler
                0x000000000800c104                USART3_IRQHandler
                0x000000000800c104                CAN1_RX1_IRQHandler
                0x000000000800c104                UART5_IRQHandler
                0x000000000800c104                DMA2_Stream0_IRQHandler
                0x000000000800c104                TIM4_IRQHandler
                0x000000000800c104                QUADSPI_IRQHandler
                0x000000000800c104                I2C1_EV_IRQHandler
                0x000000000800c104                DMA1_Stream6_IRQHandler
                0x000000000800c104                DMA1_Stream1_IRQHandler
                0x000000000800c104                UART4_IRQHandler
                0x000000000800c104                TIM3_IRQHandler
                0x000000000800c104                RCC_IRQHandler
                0x000000000800c104                TIM8_BRK_TIM12_IRQHandler
                0x000000000800c104                Default_Handler
                0x000000000800c104                CEC_IRQHandler
                0x000000000800c104                EXTI15_10_IRQHandler
                0x000000000800c104                ADC_IRQHandler
                0x000000000800c104                DMA1_Stream7_IRQHandler
                0x000000000800c104                TIM7_IRQHandler
                0x000000000800c104                CAN2_TX_IRQHandler
                0x000000000800c104                TIM5_IRQHandler
                0x000000000800c104                DMA2_Stream7_IRQHandler
                0x000000000800c104                I2C3_EV_IRQHandler
                0x000000000800c104                EXTI9_5_IRQHandler
                0x000000000800c104                RTC_WKUP_IRQHandler
                0x000000000800c104                SPDIF_RX_IRQHandler
                0x000000000800c104                SPI2_IRQHandler
                0x000000000800c104                OTG_HS_EP1_IN_IRQHandler
                0x000000000800c104                DMA1_Stream0_IRQHandler
                0x000000000800c104                CAN1_TX_IRQHandler
                0x000000000800c104                FMPI2C1_ER_IRQHandler
                0x000000000800c104                EXTI4_IRQHandler
                0x000000000800c104                OTG_HS_EP1_OUT_IRQHandler
                0x000000000800c104                WWDG_IRQHandler
                0x000000000800c104                TIM2_IRQHandler
                0x000000000800c104                OTG_FS_WKUP_IRQHandler
                0x000000000800c104                TIM1_TRG_COM_TIM11_IRQHandler
                0x000000000800c104                OTG_HS_IRQHandler
                0x000000000800c104                EXTI1_IRQHandler
                0x000000000800c104                I2C2_ER_IRQHandler
                0x000000000800c104                DMA2_Stream1_IRQHandler
                0x000000000800c104                CAN1_SCE_IRQHandler
                0x000000000800c104                FLASH_IRQHandler
                0x000000000800c104                DMA2_Stream4_IRQHandler
                0x000000000800c104                USART1_IRQHandler
                0x000000000800c104                OTG_FS_IRQHandler
                0x000000000800c104                SPI3_IRQHandler
                0x000000000800c104                DMA1_Stream4_IRQHandler
                0x000000000800c104                I2C1_ER_IRQHandler
                0x000000000800c104                FMC_IRQHandler
                0x000000000800c104                DMA2_Stream6_IRQHandler
                0x000000000800c104                SAI1_IRQHandler
                0x000000000800c104                DMA1_Stream3_IRQHandler
 *fill*         0x000000000800c106        0x2 
 .text.HAL_Init
                0x000000000800c108       0x44 ./Drivers/STM32F4xx_HAL_Driver/Src/stm32f4xx_hal.o
                0x000000000800c108                HAL_Init
 .text.HAL_InitTick
                0x000000000800c14c       0x60 ./Drivers/STM32F4xx_HAL_Driver/Src/stm32f4xx_hal.o
                0x000000000800c14c                HAL_InitTick
 .text.HAL_IncTick
                0x000000000800c1ac       0x28 ./Drivers/STM32F4xx_HAL_Driver/Src/stm32f4xx_hal.o
                0x000000000800c1ac                HAL_IncTick
 .text.HAL_GetTick
                0x000000000800c1d4       0x18 ./Drivers/STM32F4xx_HAL_Driver/Src/stm32f4xx_hal.o
                0x000000000800c1d4                HAL_GetTick
 .text.__NVIC_SetPriorityGrouping
                0x000000000800c1ec       0x48 ./Drivers/STM32F4xx_HAL_Driver/Src/stm32f4xx_hal_cortex.o
 .text.__NVIC_GetPriorityGrouping
                0x000000000800c234       0x1c ./Drivers/STM32F4xx_HAL_Driver/Src/stm32f4xx_hal_cortex.o
 .text.__NVIC_EnableIRQ
                0x000000000800c250       0x3c ./Drivers/STM32F4xx_HAL_Driver/Src/stm32f4xx_hal_cortex.o
 .text.__NVIC_SetPriority
                0x000000000800c28c       0x54 ./Drivers/STM32F4xx_HAL_Driver/Src/stm32f4xx_hal_cortex.o
 .text.NVIC_EncodePriority
                0x000000000800c2e0       0x66 ./Drivers/STM32F4xx_HAL_Driver/Src/stm32f4xx_hal_cortex.o
 *fill*         0x000000000800c346        0x2 
 .text.SysTick_Config
                0x000000000800c348       0x44 ./Drivers/STM32F4xx_HAL_Driver/Src/stm32f4xx_hal_cortex.o
 .text.HAL_NVIC_SetPriorityGrouping
                0x000000000800c38c       0x16 ./Drivers/STM32F4xx_HAL_Driver/Src/stm32f4xx_hal_cortex.o
                0x000000000800c38c                HAL_NVIC_SetPriorityGrouping
 .text.HAL_NVIC_SetPriority
                0x000000000800c3a2       0x38 ./Drivers/STM32F4xx_HAL_Driver/Src/stm32f4xx_hal_cortex.o
                0x000000000800c3a2                HAL_NVIC_SetPriority
 .text.HAL_NVIC_EnableIRQ
                0x000000000800c3da       0x1c ./Drivers/STM32F4xx_HAL_Driver/Src/stm32f4xx_hal_cortex.o
                0x000000000800c3da                HAL_NVIC_EnableIRQ
 .text.HAL_SYSTICK_Config
                0x000000000800c3f6       0x18 ./Drivers/STM32F4xx_HAL_Driver/Src/stm32f4xx_hal_cortex.o
                0x000000000800c3f6                HAL_SYSTICK_Config
 *fill*         0x000000000800c40e        0x2 
 .text.HAL_DMA_Init
                0x000000000800c410      0x15c ./Drivers/STM32F4xx_HAL_Driver/Src/stm32f4xx_hal_dma.o
                0x000000000800c410                HAL_DMA_Init
 .text.HAL_DMA_Start_IT
                0x000000000800c56c       0xb0 ./Drivers/STM32F4xx_HAL_Driver/Src/stm32f4xx_hal_dma.o
                0x000000000800c56c                HAL_DMA_Start_IT
 .text.HAL_DMA_Abort
                0x000000000800c61c       0xe0 ./Drivers/STM32F4xx_HAL_Driver/Src/stm32f4xx_hal_dma.o
                0x000000000800c61c                HAL_DMA_Abort
 .text.HAL_DMA_Abort_IT
                0x000000000800c6fc       0x44 ./Drivers/STM32F4xx_HAL_Driver/Src/stm32f4xx_hal_dma.o
                0x000000000800c6fc                HAL_DMA_Abort_IT
 .text.HAL_DMA_IRQHandler
                0x000000000800c740      0x314 ./Drivers/STM32F4xx_HAL_Driver/Src/stm32f4xx_hal_dma.o
                0x000000000800c740                HAL_DMA_IRQHandler
 .text.DMA_SetConfig
                0x000000000800ca54       0x5c ./Drivers/STM32F4xx_HAL_Driver/Src/stm32f4xx_hal_dma.o
 .text.DMA_CalcBaseAndBitshift
                0x000000000800cab0       0x6c ./Drivers/STM32F4xx_HAL_Driver/Src/stm32f4xx_hal_dma.o
 .text.DMA_CheckFifoParam
                0x000000000800cb1c       0xf8 ./Drivers/STM32F4xx_HAL_Driver/Src/stm32f4xx_hal_dma.o
 .text.HAL_GPIO_Init
                0x000000000800cc14      0x328 ./Drivers/STM32F4xx_HAL_Driver/Src/stm32f4xx_hal_gpio.o
                0x000000000800cc14                HAL_GPIO_Init
 .text.HAL_GPIO_WritePin
                0x000000000800cf3c       0x32 ./Drivers/STM32F4xx_HAL_Driver/Src/stm32f4xx_hal_gpio.o
                0x000000000800cf3c                HAL_GPIO_WritePin
 *fill*         0x000000000800cf6e        0x2 
 .text.HAL_RCC_ClockConfig
                0x000000000800cf70      0x1cc ./Drivers/STM32F4xx_HAL_Driver/Src/stm32f4xx_hal_rcc.o
                0x000000000800cf70                HAL_RCC_ClockConfig
 .text.HAL_RCC_GetHCLKFreq
                0x000000000800d13c       0x18 ./Drivers/STM32F4xx_HAL_Driver/Src/stm32f4xx_hal_rcc.o
                0x000000000800d13c                HAL_RCC_GetHCLKFreq
 .text.HAL_RCC_GetPCLK1Freq
                0x000000000800d154       0x28 ./Drivers/STM32F4xx_HAL_Driver/Src/stm32f4xx_hal_rcc.o
                0x000000000800d154                HAL_RCC_GetPCLK1Freq
 .text.HAL_RCC_GetPCLK2Freq
                0x000000000800d17c       0x28 ./Drivers/STM32F4xx_HAL_Driver/Src/stm32f4xx_hal_rcc.o
                0x000000000800d17c                HAL_RCC_GetPCLK2Freq
 .text.HAL_RCC_GetSysClockFreq
                0x000000000800d1a4      0x460 ./Drivers/STM32F4xx_HAL_Driver/Src/stm32f4xx_hal_rcc_ex.o
                0x000000000800d1a4                HAL_RCC_GetSysClockFreq
 .text.HAL_RCC_OscConfig
                0x000000000800d604      0x53c ./Drivers/STM32F4xx_HAL_Driver/Src/stm32f4xx_hal_rcc_ex.o
                0x000000000800d604                HAL_RCC_OscConfig
 .text.HAL_UART_Init
                0x000000000800db40       0x9a ./Drivers/STM32F4xx_HAL_Driver/Src/stm32f4xx_hal_uart.o
                0x000000000800db40                HAL_UART_Init
 .text.HAL_UARTEx_ReceiveToIdle_DMA
                0x000000000800dbda       0xca ./Drivers/STM32F4xx_HAL_Driver/Src/stm32f4xx_hal_uart.o
                0x000000000800dbda                HAL_UARTEx_ReceiveToIdle_DMA
 .text.HAL_UART_IRQHandler
                0x000000000800dca4      0x51c ./Drivers/STM32F4xx_HAL_Driver/Src/stm32f4xx_hal_uart.o
                0x000000000800dca4                HAL_UART_IRQHandler
 .text.HAL_UART_TxCpltCallback
                0x000000000800e1c0       0x14 ./Drivers/STM32F4xx_HAL_Driver/Src/stm32f4xx_hal_uart.o
                0x000000000800e1c0                HAL_UART_TxCpltCallback
 .text.HAL_UART_RxCpltCallback
                0x000000000800e1d4       0x14 ./Drivers/STM32F4xx_HAL_Driver/Src/stm32f4xx_hal_uart.o
                0x000000000800e1d4                HAL_UART_RxCpltCallback
 .text.HAL_UART_RxHalfCpltCallback
                0x000000000800e1e8       0x14 ./Drivers/STM32F4xx_HAL_Driver/Src/stm32f4xx_hal_uart.o
                0x000000000800e1e8                HAL_UART_RxHalfCpltCallback
 .text.HAL_UART_ErrorCallback
                0x000000000800e1fc       0x14 ./Drivers/STM32F4xx_HAL_Driver/Src/stm32f4xx_hal_uart.o
                0x000000000800e1fc                HAL_UART_ErrorCallback
 .text.UART_DMAReceiveCplt
                0x000000000800e210      0x126 ./Drivers/STM32F4xx_HAL_Driver/Src/stm32f4xx_hal_uart.o
 .text.UART_DMARxHalfCplt
                0x000000000800e336       0x36 ./Drivers/STM32F4xx_HAL_Driver/Src/stm32f4xx_hal_uart.o
 .text.UART_DMAError
                0x000000000800e36c       0x94 ./Drivers/STM32F4xx_HAL_Driver/Src/stm32f4xx_hal_uart.o
 .text.UART_Start_Receive_DMA
                0x000000000800e400      0x13c ./Drivers/STM32F4xx_HAL_Driver/Src/stm32f4xx_hal_uart.o
                0x000000000800e400                UART_Start_Receive_DMA
 .text.UART_EndTxTransfer
                0x000000000800e53c       0x50 ./Drivers/STM32F4xx_HAL_Driver/Src/stm32f4xx_hal_uart.o
 .text.UART_EndRxTransfer
                0x000000000800e58c       0xc6 ./Drivers/STM32F4xx_HAL_Driver/Src/stm32f4xx_hal_uart.o
 .text.UART_DMAAbortOnError
                0x000000000800e652       0x28 ./Drivers/STM32F4xx_HAL_Driver/Src/stm32f4xx_hal_uart.o
 .text.UART_Transmit_IT
                0x000000000800e67a       0xa0 ./Drivers/STM32F4xx_HAL_Driver/Src/stm32f4xx_hal_uart.o
 .text.UART_EndTransmit_IT
                0x000000000800e71a       0x30 ./Drivers/STM32F4xx_HAL_Driver/Src/stm32f4xx_hal_uart.o
 .text.UART_Receive_IT
                0x000000000800e74a      0x176 ./Drivers/STM32F4xx_HAL_Driver/Src/stm32f4xx_hal_uart.o
 .text.UART_SetConfig
                0x000000000800e8c0      0x4e8 ./Drivers/STM32F4xx_HAL_Driver/Src/stm32f4xx_hal_uart.o
 .text.__errno  0x000000000800eda8        0xc c:/st/stm32cubeide_1.10.1/stm32cubeide/plugins/com.st.stm32cube.ide.mcu.externaltools.gnu-tools-for-stm32.10.3-2021.10.win32_1.0.0.202111181127/tools/bin/../lib/gcc/arm-none-eabi/10.3.1/../../../../arm-none-eabi/lib/thumb/v7e-m+fp/hard\libc_nano.a(lib_a-errno.o)
                0x000000000800eda8                __errno
 .text.__libc_init_array
                0x000000000800edb4       0x48 c:/st/stm32cubeide_1.10.1/stm32cubeide/plugins/com.st.stm32cube.ide.mcu.externaltools.gnu-tools-for-stm32.10.3-2021.10.win32_1.0.0.202111181127/tools/bin/../lib/gcc/arm-none-eabi/10.3.1/../../../../arm-none-eabi/lib/thumb/v7e-m+fp/hard\libc_nano.a(lib_a-init.o)
                0x000000000800edb4                __libc_init_array
 .text.malloc   0x000000000800edfc       0x10 c:/st/stm32cubeide_1.10.1/stm32cubeide/plugins/com.st.stm32cube.ide.mcu.externaltools.gnu-tools-for-stm32.10.3-2021.10.win32_1.0.0.202111181127/tools/bin/../lib/gcc/arm-none-eabi/10.3.1/../../../../arm-none-eabi/lib/thumb/v7e-m+fp/hard\libc_nano.a(lib_a-malloc.o)
                0x000000000800edfc                malloc
 .text.free     0x000000000800ee0c       0x10 c:/st/stm32cubeide_1.10.1/stm32cubeide/plugins/com.st.stm32cube.ide.mcu.externaltools.gnu-tools-for-stm32.10.3-2021.10.win32_1.0.0.202111181127/tools/bin/../lib/gcc/arm-none-eabi/10.3.1/../../../../arm-none-eabi/lib/thumb/v7e-m+fp/hard\libc_nano.a(lib_a-malloc.o)
                0x000000000800ee0c                free
 .text.memcpy   0x000000000800ee1c       0x1c c:/st/stm32cubeide_1.10.1/stm32cubeide/plugins/com.st.stm32cube.ide.mcu.externaltools.gnu-tools-for-stm32.10.3-2021.10.win32_1.0.0.202111181127/tools/bin/../lib/gcc/arm-none-eabi/10.3.1/../../../../arm-none-eabi/lib/thumb/v7e-m+fp/hard\libc_nano.a(lib_a-memcpy-stub.o)
                0x000000000800ee1c                memcpy
 .text.memset   0x000000000800ee38       0x10 c:/st/stm32cubeide_1.10.1/stm32cubeide/plugins/com.st.stm32cube.ide.mcu.externaltools.gnu-tools-for-stm32.10.3-2021.10.win32_1.0.0.202111181127/tools/bin/../lib/gcc/arm-none-eabi/10.3.1/../../../../arm-none-eabi/lib/thumb/v7e-m+fp/hard\libc_nano.a(lib_a-memset.o)
                0x000000000800ee38                memset
 .text._free_r  0x000000000800ee48       0x98 c:/st/stm32cubeide_1.10.1/stm32cubeide/plugins/com.st.stm32cube.ide.mcu.externaltools.gnu-tools-for-stm32.10.3-2021.10.win32_1.0.0.202111181127/tools/bin/../lib/gcc/arm-none-eabi/10.3.1/../../../../arm-none-eabi/lib/thumb/v7e-m+fp/hard\libc_nano.a(lib_a-nano-freer.o)
                0x000000000800ee48                _free_r
 .text.sbrk_aligned
                0x000000000800eee0       0x40 c:/st/stm32cubeide_1.10.1/stm32cubeide/plugins/com.st.stm32cube.ide.mcu.externaltools.gnu-tools-for-stm32.10.3-2021.10.win32_1.0.0.202111181127/tools/bin/../lib/gcc/arm-none-eabi/10.3.1/../../../../arm-none-eabi/lib/thumb/v7e-m+fp/hard\libc_nano.a(lib_a-nano-mallocr.o)
 .text._malloc_r
                0x000000000800ef20       0xe8 c:/st/stm32cubeide_1.10.1/stm32cubeide/plugins/com.st.stm32cube.ide.mcu.externaltools.gnu-tools-for-stm32.10.3-2021.10.win32_1.0.0.202111181127/tools/bin/../lib/gcc/arm-none-eabi/10.3.1/../../../../arm-none-eabi/lib/thumb/v7e-m+fp/hard\libc_nano.a(lib_a-nano-mallocr.o)
                0x000000000800ef20                _malloc_r
 .text.srand    0x000000000800f008       0x5c c:/st/stm32cubeide_1.10.1/stm32cubeide/plugins/com.st.stm32cube.ide.mcu.externaltools.gnu-tools-for-stm32.10.3-2021.10.win32_1.0.0.202111181127/tools/bin/../lib/gcc/arm-none-eabi/10.3.1/../../../../arm-none-eabi/lib/thumb/v7e-m+fp/hard\libc_nano.a(lib_a-rand.o)
                0x000000000800f008                srand
 .text.rand     0x000000000800f064       0x7c c:/st/stm32cubeide_1.10.1/stm32cubeide/plugins/com.st.stm32cube.ide.mcu.externaltools.gnu-tools-for-stm32.10.3-2021.10.win32_1.0.0.202111181127/tools/bin/../lib/gcc/arm-none-eabi/10.3.1/../../../../arm-none-eabi/lib/thumb/v7e-m+fp/hard\libc_nano.a(lib_a-rand.o)
                0x000000000800f064                rand
 .text.random   0x000000000800f0e0       0x7c c:/st/stm32cubeide_1.10.1/stm32cubeide/plugins/com.st.stm32cube.ide.mcu.externaltools.gnu-tools-for-stm32.10.3-2021.10.win32_1.0.0.202111181127/tools/bin/../lib/gcc/arm-none-eabi/10.3.1/../../../../arm-none-eabi/lib/thumb/v7e-m+fp/hard\libc_nano.a(lib_a-random.o)
                0x000000000800f0e0                random
 .text._sbrk_r  0x000000000800f15c       0x20 c:/st/stm32cubeide_1.10.1/stm32cubeide/plugins/com.st.stm32cube.ide.mcu.externaltools.gnu-tools-for-stm32.10.3-2021.10.win32_1.0.0.202111181127/tools/bin/../lib/gcc/arm-none-eabi/10.3.1/../../../../arm-none-eabi/lib/thumb/v7e-m+fp/hard\libc_nano.a(lib_a-sbrkr.o)
                0x000000000800f15c                _sbrk_r
 .text.snprintf
                0x000000000800f17c       0x68 c:/st/stm32cubeide_1.10.1/stm32cubeide/plugins/com.st.stm32cube.ide.mcu.externaltools.gnu-tools-for-stm32.10.3-2021.10.win32_1.0.0.202111181127/tools/bin/../lib/gcc/arm-none-eabi/10.3.1/../../../../arm-none-eabi/lib/thumb/v7e-m+fp/hard\libc_nano.a(lib_a-snprintf.o)
                0x000000000800f17c                sniprintf
                0x000000000800f17c                snprintf
 .text.strncmp  0x000000000800f1e4       0x28 c:/st/stm32cubeide_1.10.1/stm32cubeide/plugins/com.st.stm32cube.ide.mcu.externaltools.gnu-tools-for-stm32.10.3-2021.10.win32_1.0.0.202111181127/tools/bin/../lib/gcc/arm-none-eabi/10.3.1/../../../../arm-none-eabi/lib/thumb/v7e-m+fp/hard\libc_nano.a(lib_a-strncmp.o)
                0x000000000800f1e4                strncmp
 .text.strncpy  0x000000000800f20c       0x26 c:/st/stm32cubeide_1.10.1/stm32cubeide/plugins/com.st.stm32cube.ide.mcu.externaltools.gnu-tools-for-stm32.10.3-2021.10.win32_1.0.0.202111181127/tools/bin/../lib/gcc/arm-none-eabi/10.3.1/../../../../arm-none-eabi/lib/thumb/v7e-m+fp/hard\libc_nano.a(lib_a-strncpy.o)
                0x000000000800f20c                strncpy
 *fill*         0x000000000800f232        0x2 
 .text.__assert_func
                0x000000000800f234       0x3c c:/st/stm32cubeide_1.10.1/stm32cubeide/plugins/com.st.stm32cube.ide.mcu.externaltools.gnu-tools-for-stm32.10.3-2021.10.win32_1.0.0.202111181127/tools/bin/../lib/gcc/arm-none-eabi/10.3.1/../../../../arm-none-eabi/lib/thumb/v7e-m+fp/hard\libc_nano.a(lib_a-assert.o)
                0x000000000800f234                __assert_func
 .text.fprintf  0x000000000800f270       0x24 c:/st/stm32cubeide_1.10.1/stm32cubeide/plugins/com.st.stm32cube.ide.mcu.externaltools.gnu-tools-for-stm32.10.3-2021.10.win32_1.0.0.202111181127/tools/bin/../lib/gcc/arm-none-eabi/10.3.1/../../../../arm-none-eabi/lib/thumb/v7e-m+fp/hard\libc_nano.a(lib_a-fprintf.o)
                0x000000000800f270                fiprintf
                0x000000000800f270                fprintf
 .text.__malloc_lock
                0x000000000800f294        0xc c:/st/stm32cubeide_1.10.1/stm32cubeide/plugins/com.st.stm32cube.ide.mcu.externaltools.gnu-tools-for-stm32.10.3-2021.10.win32_1.0.0.202111181127/tools/bin/../lib/gcc/arm-none-eabi/10.3.1/../../../../arm-none-eabi/lib/thumb/v7e-m+fp/hard\libc_nano.a(lib_a-mlock.o)
                0x000000000800f294                __malloc_lock
 .text.__malloc_unlock
                0x000000000800f2a0        0xc c:/st/stm32cubeide_1.10.1/stm32cubeide/plugins/com.st.stm32cube.ide.mcu.externaltools.gnu-tools-for-stm32.10.3-2021.10.win32_1.0.0.202111181127/tools/bin/../lib/gcc/arm-none-eabi/10.3.1/../../../../arm-none-eabi/lib/thumb/v7e-m+fp/hard\libc_nano.a(lib_a-mlock.o)
                0x000000000800f2a0                __malloc_unlock
 .text.__ssputs_r
                0x000000000800f2ac       0xb6 c:/st/stm32cubeide_1.10.1/stm32cubeide/plugins/com.st.stm32cube.ide.mcu.externaltools.gnu-tools-for-stm32.10.3-2021.10.win32_1.0.0.202111181127/tools/bin/../lib/gcc/arm-none-eabi/10.3.1/../../../../arm-none-eabi/lib/thumb/v7e-m+fp/hard\libc_nano.a(lib_a-nano-svfprintf.o)
                0x000000000800f2ac                __ssputs_r
 *fill*         0x000000000800f362        0x2 
 .text._svfprintf_r
                0x000000000800f364      0x200 c:/st/stm32cubeide_1.10.1/stm32cubeide/plugins/com.st.stm32cube.ide.mcu.externaltools.gnu-tools-for-stm32.10.3-2021.10.win32_1.0.0.202111181127/tools/bin/../lib/gcc/arm-none-eabi/10.3.1/../../../../arm-none-eabi/lib/thumb/v7e-m+fp/hard\libc_nano.a(lib_a-nano-svfprintf.o)
                0x000000000800f364                _svfiprintf_r
                0x000000000800f364                _svfprintf_r
 .text.__sfputc_r
                0x000000000800f564       0x2e c:/st/stm32cubeide_1.10.1/stm32cubeide/plugins/com.st.stm32cube.ide.mcu.externaltools.gnu-tools-for-stm32.10.3-2021.10.win32_1.0.0.202111181127/tools/bin/../lib/gcc/arm-none-eabi/10.3.1/../../../../arm-none-eabi/lib/thumb/v7e-m+fp/hard\libc_nano.a(lib_a-nano-vfprintf.o)
 .text.__sfputs_r
                0x000000000800f592       0x24 c:/st/stm32cubeide_1.10.1/stm32cubeide/plugins/com.st.stm32cube.ide.mcu.externaltools.gnu-tools-for-stm32.10.3-2021.10.win32_1.0.0.202111181127/tools/bin/../lib/gcc/arm-none-eabi/10.3.1/../../../../arm-none-eabi/lib/thumb/v7e-m+fp/hard\libc_nano.a(lib_a-nano-vfprintf.o)
                0x000000000800f592                __sfputs_r
 *fill*         0x000000000800f5b6        0x2 
 .text._vfprintf_r
                0x000000000800f5b8      0x260 c:/st/stm32cubeide_1.10.1/stm32cubeide/plugins/com.st.stm32cube.ide.mcu.externaltools.gnu-tools-for-stm32.10.3-2021.10.win32_1.0.0.202111181127/tools/bin/../lib/gcc/arm-none-eabi/10.3.1/../../../../arm-none-eabi/lib/thumb/v7e-m+fp/hard\libc_nano.a(lib_a-nano-vfprintf.o)
                0x000000000800f5b8                _vfprintf_r
                0x000000000800f5b8                _vfiprintf_r
 .text._printf_common
                0x000000000800f818       0xda c:/st/stm32cubeide_1.10.1/stm32cubeide/plugins/com.st.stm32cube.ide.mcu.externaltools.gnu-tools-for-stm32.10.3-2021.10.win32_1.0.0.202111181127/tools/bin/../lib/gcc/arm-none-eabi/10.3.1/../../../../arm-none-eabi/lib/thumb/v7e-m+fp/hard\libc_nano.a(lib_a-nano-vfprintf_i.o)
                0x000000000800f818                _printf_common
 *fill*         0x000000000800f8f2        0x2 
 .text._printf_i
                0x000000000800f8f4      0x24c c:/st/stm32cubeide_1.10.1/stm32cubeide/plugins/com.st.stm32cube.ide.mcu.externaltools.gnu-tools-for-stm32.10.3-2021.10.win32_1.0.0.202111181127/tools/bin/../lib/gcc/arm-none-eabi/10.3.1/../../../../arm-none-eabi/lib/thumb/v7e-m+fp/hard\libc_nano.a(lib_a-nano-vfprintf_i.o)
                0x000000000800f8f4                _printf_i
 .text.__swbuf_r
                0x000000000800fb40       0xa4 c:/st/stm32cubeide_1.10.1/stm32cubeide/plugins/com.st.stm32cube.ide.mcu.externaltools.gnu-tools-for-stm32.10.3-2021.10.win32_1.0.0.202111181127/tools/bin/../lib/gcc/arm-none-eabi/10.3.1/../../../../arm-none-eabi/lib/thumb/v7e-m+fp/hard\libc_nano.a(lib_a-wbuf.o)
                0x000000000800fb40                __swbuf_r
 .text.__swsetup_r
                0x000000000800fbe4       0xdc c:/st/stm32cubeide_1.10.1/stm32cubeide/plugins/com.st.stm32cube.ide.mcu.externaltools.gnu-tools-for-stm32.10.3-2021.10.win32_1.0.0.202111181127/tools/bin/../lib/gcc/arm-none-eabi/10.3.1/../../../../arm-none-eabi/lib/thumb/v7e-m+fp/hard\libc_nano.a(lib_a-wsetup.o)
                0x000000000800fbe4                __swsetup_r
 .text.abort    0x000000000800fcc0        0xe c:/st/stm32cubeide_1.10.1/stm32cubeide/plugins/com.st.stm32cube.ide.mcu.externaltools.gnu-tools-for-stm32.10.3-2021.10.win32_1.0.0.202111181127/tools/bin/../lib/gcc/arm-none-eabi/10.3.1/../../../../arm-none-eabi/lib/thumb/v7e-m+fp/hard\libc_nano.a(lib_a-abort.o)
                0x000000000800fcc0                abort
 *fill*         0x000000000800fcce        0x2 
 .text.__sflush_r
                0x000000000800fcd0      0x10c c:/st/stm32cubeide_1.10.1/stm32cubeide/plugins/com.st.stm32cube.ide.mcu.externaltools.gnu-tools-for-stm32.10.3-2021.10.win32_1.0.0.202111181127/tools/bin/../lib/gcc/arm-none-eabi/10.3.1/../../../../arm-none-eabi/lib/thumb/v7e-m+fp/hard\libc_nano.a(lib_a-fflush.o)
                0x000000000800fcd0                __sflush_r
 .text._fflush_r
                0x000000000800fddc       0x78 c:/st/stm32cubeide_1.10.1/stm32cubeide/plugins/com.st.stm32cube.ide.mcu.externaltools.gnu-tools-for-stm32.10.3-2021.10.win32_1.0.0.202111181127/tools/bin/../lib/gcc/arm-none-eabi/10.3.1/../../../../arm-none-eabi/lib/thumb/v7e-m+fp/hard\libc_nano.a(lib_a-fflush.o)
                0x000000000800fddc                _fflush_r
 .text.std      0x000000000800fe54       0x48 c:/st/stm32cubeide_1.10.1/stm32cubeide/plugins/com.st.stm32cube.ide.mcu.externaltools.gnu-tools-for-stm32.10.3-2021.10.win32_1.0.0.202111181127/tools/bin/../lib/gcc/arm-none-eabi/10.3.1/../../../../arm-none-eabi/lib/thumb/v7e-m+fp/hard\libc_nano.a(lib_a-findfp.o)
 .text._cleanup_r
                0x000000000800fe9c        0xc c:/st/stm32cubeide_1.10.1/stm32cubeide/plugins/com.st.stm32cube.ide.mcu.externaltools.gnu-tools-for-stm32.10.3-2021.10.win32_1.0.0.202111181127/tools/bin/../lib/gcc/arm-none-eabi/10.3.1/../../../../arm-none-eabi/lib/thumb/v7e-m+fp/hard\libc_nano.a(lib_a-findfp.o)
                0x000000000800fe9c                _cleanup_r
 .text.__sfmoreglue
                0x000000000800fea8       0x2c c:/st/stm32cubeide_1.10.1/stm32cubeide/plugins/com.st.stm32cube.ide.mcu.externaltools.gnu-tools-for-stm32.10.3-2021.10.win32_1.0.0.202111181127/tools/bin/../lib/gcc/arm-none-eabi/10.3.1/../../../../arm-none-eabi/lib/thumb/v7e-m+fp/hard\libc_nano.a(lib_a-findfp.o)
                0x000000000800fea8                __sfmoreglue
 .text.__sfp_lock_acquire
                0x000000000800fed4        0xc c:/st/stm32cubeide_1.10.1/stm32cubeide/plugins/com.st.stm32cube.ide.mcu.externaltools.gnu-tools-for-stm32.10.3-2021.10.win32_1.0.0.202111181127/tools/bin/../lib/gcc/arm-none-eabi/10.3.1/../../../../arm-none-eabi/lib/thumb/v7e-m+fp/hard\libc_nano.a(lib_a-findfp.o)
                0x000000000800fed4                __sfp_lock_acquire
 .text.__sfp_lock_release
                0x000000000800fee0        0xc c:/st/stm32cubeide_1.10.1/stm32cubeide/plugins/com.st.stm32cube.ide.mcu.externaltools.gnu-tools-for-stm32.10.3-2021.10.win32_1.0.0.202111181127/tools/bin/../lib/gcc/arm-none-eabi/10.3.1/../../../../arm-none-eabi/lib/thumb/v7e-m+fp/hard\libc_nano.a(lib_a-findfp.o)
                0x000000000800fee0                __sfp_lock_release
 .text.__sinit_lock_acquire
                0x000000000800feec        0xc c:/st/stm32cubeide_1.10.1/stm32cubeide/plugins/com.st.stm32cube.ide.mcu.externaltools.gnu-tools-for-stm32.10.3-2021.10.win32_1.0.0.202111181127/tools/bin/../lib/gcc/arm-none-eabi/10.3.1/../../../../arm-none-eabi/lib/thumb/v7e-m+fp/hard\libc_nano.a(lib_a-findfp.o)
                0x000000000800feec                __sinit_lock_acquire
 .text.__sinit_lock_release
                0x000000000800fef8        0xc c:/st/stm32cubeide_1.10.1/stm32cubeide/plugins/com.st.stm32cube.ide.mcu.externaltools.gnu-tools-for-stm32.10.3-2021.10.win32_1.0.0.202111181127/tools/bin/../lib/gcc/arm-none-eabi/10.3.1/../../../../arm-none-eabi/lib/thumb/v7e-m+fp/hard\libc_nano.a(lib_a-findfp.o)
                0x000000000800fef8                __sinit_lock_release
 .text.__sinit  0x000000000800ff04       0x70 c:/st/stm32cubeide_1.10.1/stm32cubeide/plugins/com.st.stm32cube.ide.mcu.externaltools.gnu-tools-for-stm32.10.3-2021.10.win32_1.0.0.202111181127/tools/bin/../lib/gcc/arm-none-eabi/10.3.1/../../../../arm-none-eabi/lib/thumb/v7e-m+fp/hard\libc_nano.a(lib_a-findfp.o)
                0x000000000800ff04                __sinit
 .text.__sfp    0x000000000800ff74       0x8c c:/st/stm32cubeide_1.10.1/stm32cubeide/plugins/com.st.stm32cube.ide.mcu.externaltools.gnu-tools-for-stm32.10.3-2021.10.win32_1.0.0.202111181127/tools/bin/../lib/gcc/arm-none-eabi/10.3.1/../../../../arm-none-eabi/lib/thumb/v7e-m+fp/hard\libc_nano.a(lib_a-findfp.o)
                0x000000000800ff74                __sfp
 .text._fwalk_reent
                0x0000000008010000       0x3e c:/st/stm32cubeide_1.10.1/stm32cubeide/plugins/com.st.stm32cube.ide.mcu.externaltools.gnu-tools-for-stm32.10.3-2021.10.win32_1.0.0.202111181127/tools/bin/../lib/gcc/arm-none-eabi/10.3.1/../../../../arm-none-eabi/lib/thumb/v7e-m+fp/hard\libc_nano.a(lib_a-fwalk.o)
                0x0000000008010000                _fwalk_reent
 .text.__retarget_lock_init_recursive
                0x000000000801003e        0x2 c:/st/stm32cubeide_1.10.1/stm32cubeide/plugins/com.st.stm32cube.ide.mcu.externaltools.gnu-tools-for-stm32.10.3-2021.10.win32_1.0.0.202111181127/tools/bin/../lib/gcc/arm-none-eabi/10.3.1/../../../../arm-none-eabi/lib/thumb/v7e-m+fp/hard\libc_nano.a(lib_a-lock.o)
                0x000000000801003e                __retarget_lock_init_recursive
 .text.__retarget_lock_acquire_recursive
                0x0000000008010040        0x2 c:/st/stm32cubeide_1.10.1/stm32cubeide/plugins/com.st.stm32cube.ide.mcu.externaltools.gnu-tools-for-stm32.10.3-2021.10.win32_1.0.0.202111181127/tools/bin/../lib/gcc/arm-none-eabi/10.3.1/../../../../arm-none-eabi/lib/thumb/v7e-m+fp/hard\libc_nano.a(lib_a-lock.o)
                0x0000000008010040                __retarget_lock_acquire_recursive
 .text.__retarget_lock_release_recursive
                0x0000000008010042        0x2 c:/st/stm32cubeide_1.10.1/stm32cubeide/plugins/com.st.stm32cube.ide.mcu.externaltools.gnu-tools-for-stm32.10.3-2021.10.win32_1.0.0.202111181127/tools/bin/../lib/gcc/arm-none-eabi/10.3.1/../../../../arm-none-eabi/lib/thumb/v7e-m+fp/hard\libc_nano.a(lib_a-lock.o)
                0x0000000008010042                __retarget_lock_release_recursive
 .text.__swhatbuf_r
                0x0000000008010044       0x4a c:/st/stm32cubeide_1.10.1/stm32cubeide/plugins/com.st.stm32cube.ide.mcu.externaltools.gnu-tools-for-stm32.10.3-2021.10.win32_1.0.0.202111181127/tools/bin/../lib/gcc/arm-none-eabi/10.3.1/../../../../arm-none-eabi/lib/thumb/v7e-m+fp/hard\libc_nano.a(lib_a-makebuf.o)
                0x0000000008010044                __swhatbuf_r
 *fill*         0x000000000801008e        0x2 
 .text.__smakebuf_r
                0x0000000008010090       0x80 c:/st/stm32cubeide_1.10.1/stm32cubeide/plugins/com.st.stm32cube.ide.mcu.externaltools.gnu-tools-for-stm32.10.3-2021.10.win32_1.0.0.202111181127/tools/bin/../lib/gcc/arm-none-eabi/10.3.1/../../../../arm-none-eabi/lib/thumb/v7e-m+fp/hard\libc_nano.a(lib_a-makebuf.o)
                0x0000000008010090                __smakebuf_r
 .text.memmove  0x0000000008010110       0x34 c:/st/stm32cubeide_1.10.1/stm32cubeide/plugins/com.st.stm32cube.ide.mcu.externaltools.gnu-tools-for-stm32.10.3-2021.10.win32_1.0.0.202111181127/tools/bin/../lib/gcc/arm-none-eabi/10.3.1/../../../../arm-none-eabi/lib/thumb/v7e-m+fp/hard\libc_nano.a(lib_a-memmove.o)
                0x0000000008010110                memmove
 .text._realloc_r
                0x0000000008010144       0x5e c:/st/stm32cubeide_1.10.1/stm32cubeide/plugins/com.st.stm32cube.ide.mcu.externaltools.gnu-tools-for-stm32.10.3-2021.10.win32_1.0.0.202111181127/tools/bin/../lib/gcc/arm-none-eabi/10.3.1/../../../../arm-none-eabi/lib/thumb/v7e-m+fp/hard\libc_nano.a(lib_a-nano-reallocr.o)
                0x0000000008010144                _realloc_r
 .text._raise_r
                0x00000000080101a2       0x50 c:/st/stm32cubeide_1.10.1/stm32cubeide/plugins/com.st.stm32cube.ide.mcu.externaltools.gnu-tools-for-stm32.10.3-2021.10.win32_1.0.0.202111181127/tools/bin/../lib/gcc/arm-none-eabi/10.3.1/../../../../arm-none-eabi/lib/thumb/v7e-m+fp/hard\libc_nano.a(lib_a-signal.o)
                0x00000000080101a2                _raise_r
 *fill*         0x00000000080101f2        0x2 
 .text.raise    0x00000000080101f4       0x10 c:/st/stm32cubeide_1.10.1/stm32cubeide/plugins/com.st.stm32cube.ide.mcu.externaltools.gnu-tools-for-stm32.10.3-2021.10.win32_1.0.0.202111181127/tools/bin/../lib/gcc/arm-none-eabi/10.3.1/../../../../arm-none-eabi/lib/thumb/v7e-m+fp/hard\libc_nano.a(lib_a-signal.o)
                0x00000000080101f4                raise
 .text._kill_r  0x0000000008010204       0x24 c:/st/stm32cubeide_1.10.1/stm32cubeide/plugins/com.st.stm32cube.ide.mcu.externaltools.gnu-tools-for-stm32.10.3-2021.10.win32_1.0.0.202111181127/tools/bin/../lib/gcc/arm-none-eabi/10.3.1/../../../../arm-none-eabi/lib/thumb/v7e-m+fp/hard\libc_nano.a(lib_a-signalr.o)
                0x0000000008010204                _kill_r
 .text._getpid_r
                0x0000000008010228        0x4 c:/st/stm32cubeide_1.10.1/stm32cubeide/plugins/com.st.stm32cube.ide.mcu.externaltools.gnu-tools-for-stm32.10.3-2021.10.win32_1.0.0.202111181127/tools/bin/../lib/gcc/arm-none-eabi/10.3.1/../../../../arm-none-eabi/lib/thumb/v7e-m+fp/hard\libc_nano.a(lib_a-signalr.o)
                0x0000000008010228                _getpid_r
 .text.__sread  0x000000000801022c       0x22 c:/st/stm32cubeide_1.10.1/stm32cubeide/plugins/com.st.stm32cube.ide.mcu.externaltools.gnu-tools-for-stm32.10.3-2021.10.win32_1.0.0.202111181127/tools/bin/../lib/gcc/arm-none-eabi/10.3.1/../../../../arm-none-eabi/lib/thumb/v7e-m+fp/hard\libc_nano.a(lib_a-stdio.o)
                0x000000000801022c                __sread
 .text.__swrite
                0x000000000801024e       0x38 c:/st/stm32cubeide_1.10.1/stm32cubeide/plugins/com.st.stm32cube.ide.mcu.externaltools.gnu-tools-for-stm32.10.3-2021.10.win32_1.0.0.202111181127/tools/bin/../lib/gcc/arm-none-eabi/10.3.1/../../../../arm-none-eabi/lib/thumb/v7e-m+fp/hard\libc_nano.a(lib_a-stdio.o)
                0x000000000801024e                __swrite
 .text.__sseek  0x0000000008010286       0x24 c:/st/stm32cubeide_1.10.1/stm32cubeide/plugins/com.st.stm32cube.ide.mcu.externaltools.gnu-tools-for-stm32.10.3-2021.10.win32_1.0.0.202111181127/tools/bin/../lib/gcc/arm-none-eabi/10.3.1/../../../../arm-none-eabi/lib/thumb/v7e-m+fp/hard\libc_nano.a(lib_a-stdio.o)
                0x0000000008010286                __sseek
 .text.__sclose
                0x00000000080102aa        0x8 c:/st/stm32cubeide_1.10.1/stm32cubeide/plugins/com.st.stm32cube.ide.mcu.externaltools.gnu-tools-for-stm32.10.3-2021.10.win32_1.0.0.202111181127/tools/bin/../lib/gcc/arm-none-eabi/10.3.1/../../../../arm-none-eabi/lib/thumb/v7e-m+fp/hard\libc_nano.a(lib_a-stdio.o)
                0x00000000080102aa                __sclose
 *fill*         0x00000000080102b2        0x2 
 .text._write_r
                0x00000000080102b4       0x24 c:/st/stm32cubeide_1.10.1/stm32cubeide/plugins/com.st.stm32cube.ide.mcu.externaltools.gnu-tools-for-stm32.10.3-2021.10.win32_1.0.0.202111181127/tools/bin/../lib/gcc/arm-none-eabi/10.3.1/../../../../arm-none-eabi/lib/thumb/v7e-m+fp/hard\libc_nano.a(lib_a-writer.o)
                0x00000000080102b4                _write_r
 .text._close_r
                0x00000000080102d8       0x20 c:/st/stm32cubeide_1.10.1/stm32cubeide/plugins/com.st.stm32cube.ide.mcu.externaltools.gnu-tools-for-stm32.10.3-2021.10.win32_1.0.0.202111181127/tools/bin/../lib/gcc/arm-none-eabi/10.3.1/../../../../arm-none-eabi/lib/thumb/v7e-m+fp/hard\libc_nano.a(lib_a-closer.o)
                0x00000000080102d8                _close_r
 .text._fstat_r
                0x00000000080102f8       0x24 c:/st/stm32cubeide_1.10.1/stm32cubeide/plugins/com.st.stm32cube.ide.mcu.externaltools.gnu-tools-for-stm32.10.3-2021.10.win32_1.0.0.202111181127/tools/bin/../lib/gcc/arm-none-eabi/10.3.1/../../../../arm-none-eabi/lib/thumb/v7e-m+fp/hard\libc_nano.a(lib_a-fstatr.o)
                0x00000000080102f8                _fstat_r
 .text._isatty_r
                0x000000000801031c       0x20 c:/st/stm32cubeide_1.10.1/stm32cubeide/plugins/com.st.stm32cube.ide.mcu.externaltools.gnu-tools-for-stm32.10.3-2021.10.win32_1.0.0.202111181127/tools/bin/../lib/gcc/arm-none-eabi/10.3.1/../../../../arm-none-eabi/lib/thumb/v7e-m+fp/hard\libc_nano.a(lib_a-isattyr.o)
                0x000000000801031c                _isatty_r
 .text._lseek_r
                0x000000000801033c       0x24 c:/st/stm32cubeide_1.10.1/stm32cubeide/plugins/com.st.stm32cube.ide.mcu.externaltools.gnu-tools-for-stm32.10.3-2021.10.win32_1.0.0.202111181127/tools/bin/../lib/gcc/arm-none-eabi/10.3.1/../../../../arm-none-eabi/lib/thumb/v7e-m+fp/hard\libc_nano.a(lib_a-lseekr.o)
                0x000000000801033c                _lseek_r
 .text._malloc_usable_size_r
                0x0000000008010360       0x10 c:/st/stm32cubeide_1.10.1/stm32cubeide/plugins/com.st.stm32cube.ide.mcu.externaltools.gnu-tools-for-stm32.10.3-2021.10.win32_1.0.0.202111181127/tools/bin/../lib/gcc/arm-none-eabi/10.3.1/../../../../arm-none-eabi/lib/thumb/v7e-m+fp/hard\libc_nano.a(lib_a-nano-msizer.o)
                0x0000000008010360                _malloc_usable_size_r
 .text._read_r  0x0000000008010370       0x24 c:/st/stm32cubeide_1.10.1/stm32cubeide/plugins/com.st.stm32cube.ide.mcu.externaltools.gnu-tools-for-stm32.10.3-2021.10.win32_1.0.0.202111181127/tools/bin/../lib/gcc/arm-none-eabi/10.3.1/../../../../arm-none-eabi/lib/thumb/v7e-m+fp/hard\libc_nano.a(lib_a-readr.o)
                0x0000000008010370                _read_r
 *fill*         0x0000000008010394        0x4 
 .text.atan     0x0000000008010398      0x340 c:/st/stm32cubeide_1.10.1/stm32cubeide/plugins/com.st.stm32cube.ide.mcu.externaltools.gnu-tools-for-stm32.10.3-2021.10.win32_1.0.0.202111181127/tools/bin/../lib/gcc/arm-none-eabi/10.3.1/../../../../arm-none-eabi/lib/thumb/v7e-m+fp/hard\libm.a(lib_a-s_atan.o)
                0x0000000008010398                atan
 .text.cos      0x00000000080106d8       0xa8 c:/st/stm32cubeide_1.10.1/stm32cubeide/plugins/com.st.stm32cube.ide.mcu.externaltools.gnu-tools-for-stm32.10.3-2021.10.win32_1.0.0.202111181127/tools/bin/../lib/gcc/arm-none-eabi/10.3.1/../../../../arm-none-eabi/lib/thumb/v7e-m+fp/hard\libm.a(lib_a-s_cos.o)
                0x00000000080106d8                cos
 .text.fabs     0x0000000008010780       0x12 c:/st/stm32cubeide_1.10.1/stm32cubeide/plugins/com.st.stm32cube.ide.mcu.externaltools.gnu-tools-for-stm32.10.3-2021.10.win32_1.0.0.202111181127/tools/bin/../lib/gcc/arm-none-eabi/10.3.1/../../../../arm-none-eabi/lib/thumb/v7e-m+fp/hard\libm.a(lib_a-s_fabs.o)
                0x0000000008010780                fabs
 *fill*         0x0000000008010792        0x6 
 .text.sin      0x0000000008010798       0xb0 c:/st/stm32cubeide_1.10.1/stm32cubeide/plugins/com.st.stm32cube.ide.mcu.externaltools.gnu-tools-for-stm32.10.3-2021.10.win32_1.0.0.202111181127/tools/bin/../lib/gcc/arm-none-eabi/10.3.1/../../../../arm-none-eabi/lib/thumb/v7e-m+fp/hard\libm.a(lib_a-s_sin.o)
                0x0000000008010798                sin
 .text.tan      0x0000000008010848       0x68 c:/st/stm32cubeide_1.10.1/stm32cubeide/plugins/com.st.stm32cube.ide.mcu.externaltools.gnu-tools-for-stm32.10.3-2021.10.win32_1.0.0.202111181127/tools/bin/../lib/gcc/arm-none-eabi/10.3.1/../../../../arm-none-eabi/lib/thumb/v7e-m+fp/hard\libm.a(lib_a-s_tan.o)
                0x0000000008010848                tan
 .text.acos     0x00000000080108b0       0x68 c:/st/stm32cubeide_1.10.1/stm32cubeide/plugins/com.st.stm32cube.ide.mcu.externaltools.gnu-tools-for-stm32.10.3-2021.10.win32_1.0.0.202111181127/tools/bin/../lib/gcc/arm-none-eabi/10.3.1/../../../../arm-none-eabi/lib/thumb/v7e-m+fp/hard\libm.a(lib_a-w_acos.o)
                0x00000000080108b0                acos
 .text.asin     0x0000000008010918       0x68 c:/st/stm32cubeide_1.10.1/stm32cubeide/plugins/com.st.stm32cube.ide.mcu.externaltools.gnu-tools-for-stm32.10.3-2021.10.win32_1.0.0.202111181127/tools/bin/../lib/gcc/arm-none-eabi/10.3.1/../../../../arm-none-eabi/lib/thumb/v7e-m+fp/hard\libm.a(lib_a-w_asin.o)
                0x0000000008010918                asin
 .text.exp      0x0000000008010980       0x90 c:/st/stm32cubeide_1.10.1/stm32cubeide/plugins/com.st.stm32cube.ide.mcu.externaltools.gnu-tools-for-stm32.10.3-2021.10.win32_1.0.0.202111181127/tools/bin/../lib/gcc/arm-none-eabi/10.3.1/../../../../arm-none-eabi/lib/thumb/v7e-m+fp/hard\libm.a(lib_a-w_exp.o)
                0x0000000008010980                exp
 .text.log      0x0000000008010a10       0x7c c:/st/stm32cubeide_1.10.1/stm32cubeide/plugins/com.st.stm32cube.ide.mcu.externaltools.gnu-tools-for-stm32.10.3-2021.10.win32_1.0.0.202111181127/tools/bin/../lib/gcc/arm-none-eabi/10.3.1/../../../../arm-none-eabi/lib/thumb/v7e-m+fp/hard\libm.a(lib_a-w_log.o)
                0x0000000008010a10                log
 *fill*         0x0000000008010a8c        0x4 
 .text.log10    0x0000000008010a90       0x7c c:/st/stm32cubeide_1.10.1/stm32cubeide/plugins/com.st.stm32cube.ide.mcu.externaltools.gnu-tools-for-stm32.10.3-2021.10.win32_1.0.0.202111181127/tools/bin/../lib/gcc/arm-none-eabi/10.3.1/../../../../arm-none-eabi/lib/thumb/v7e-m+fp/hard\libm.a(lib_a-w_log10.o)
                0x0000000008010a90                log10
 .text.sqrt     0x0000000008010b0c       0x58 c:/st/stm32cubeide_1.10.1/stm32cubeide/plugins/com.st.stm32cube.ide.mcu.externaltools.gnu-tools-for-stm32.10.3-2021.10.win32_1.0.0.202111181127/tools/bin/../lib/gcc/arm-none-eabi/10.3.1/../../../../arm-none-eabi/lib/thumb/v7e-m+fp/hard\libm.a(lib_a-w_sqrt.o)
                0x0000000008010b0c                sqrt
 *fill*         0x0000000008010b64        0x4 
 .text.__ieee754_acos
                0x0000000008010b68      0x4c0 c:/st/stm32cubeide_1.10.1/stm32cubeide/plugins/com.st.stm32cube.ide.mcu.externaltools.gnu-tools-for-stm32.10.3-2021.10.win32_1.0.0.202111181127/tools/bin/../lib/gcc/arm-none-eabi/10.3.1/../../../../arm-none-eabi/lib/thumb/v7e-m+fp/hard\libm.a(lib_a-e_acos.o)
                0x0000000008010b68                __ieee754_acos
 .text.__ieee754_asin
                0x0000000008011028      0x428 c:/st/stm32cubeide_1.10.1/stm32cubeide/plugins/com.st.stm32cube.ide.mcu.externaltools.gnu-tools-for-stm32.10.3-2021.10.win32_1.0.0.202111181127/tools/bin/../lib/gcc/arm-none-eabi/10.3.1/../../../../arm-none-eabi/lib/thumb/v7e-m+fp/hard\libm.a(lib_a-e_asin.o)
                0x0000000008011028                __ieee754_asin
 .text.__ieee754_exp
                0x0000000008011450      0x304 c:/st/stm32cubeide_1.10.1/stm32cubeide/plugins/com.st.stm32cube.ide.mcu.externaltools.gnu-tools-for-stm32.10.3-2021.10.win32_1.0.0.202111181127/tools/bin/../lib/gcc/arm-none-eabi/10.3.1/../../../../arm-none-eabi/lib/thumb/v7e-m+fp/hard\libm.a(lib_a-e_exp.o)
                0x0000000008011450                __ieee754_exp
 *fill*         0x0000000008011754        0x4 
 .text.__ieee754_log
                0x0000000008011758      0x374 c:/st/stm32cubeide_1.10.1/stm32cubeide/plugins/com.st.stm32cube.ide.mcu.externaltools.gnu-tools-for-stm32.10.3-2021.10.win32_1.0.0.202111181127/tools/bin/../lib/gcc/arm-none-eabi/10.3.1/../../../../arm-none-eabi/lib/thumb/v7e-m+fp/hard\libm.a(lib_a-e_log.o)
                0x0000000008011758                __ieee754_log
 *fill*         0x0000000008011acc        0x4 
 .text.__ieee754_log10
                0x0000000008011ad0      0x114 c:/st/stm32cubeide_1.10.1/stm32cubeide/plugins/com.st.stm32cube.ide.mcu.externaltools.gnu-tools-for-stm32.10.3-2021.10.win32_1.0.0.202111181127/tools/bin/../lib/gcc/arm-none-eabi/10.3.1/../../../../arm-none-eabi/lib/thumb/v7e-m+fp/hard\libm.a(lib_a-e_log10.o)
                0x0000000008011ad0                __ieee754_log10
 *fill*         0x0000000008011be4        0x4 
 .text.__ieee754_rem_pio2
                0x0000000008011be8      0x418 c:/st/stm32cubeide_1.10.1/stm32cubeide/plugins/com.st.stm32cube.ide.mcu.externaltools.gnu-tools-for-stm32.10.3-2021.10.win32_1.0.0.202111181127/tools/bin/../lib/gcc/arm-none-eabi/10.3.1/../../../../arm-none-eabi/lib/thumb/v7e-m+fp/hard\libm.a(lib_a-e_rem_pio2.o)
                0x0000000008011be8                __ieee754_rem_pio2
 .text.__ieee754_sqrt
                0x0000000008012000      0x164 c:/st/stm32cubeide_1.10.1/stm32cubeide/plugins/com.st.stm32cube.ide.mcu.externaltools.gnu-tools-for-stm32.10.3-2021.10.win32_1.0.0.202111181127/tools/bin/../lib/gcc/arm-none-eabi/10.3.1/../../../../arm-none-eabi/lib/thumb/v7e-m+fp/hard\libm.a(lib_a-e_sqrt.o)
                0x0000000008012000                __ieee754_sqrt
 *fill*         0x0000000008012164        0x4 
 .text.__kernel_cos
                0x0000000008012168      0x18c c:/st/stm32cubeide_1.10.1/stm32cubeide/plugins/com.st.stm32cube.ide.mcu.externaltools.gnu-tools-for-stm32.10.3-2021.10.win32_1.0.0.202111181127/tools/bin/../lib/gcc/arm-none-eabi/10.3.1/../../../../arm-none-eabi/lib/thumb/v7e-m+fp/hard\libm.a(lib_a-k_cos.o)
                0x0000000008012168                __kernel_cos
 *fill*         0x00000000080122f4        0x4 
 .text.__kernel_rem_pio2
                0x00000000080122f8      0x69c c:/st/stm32cubeide_1.10.1/stm32cubeide/plugins/com.st.stm32cube.ide.mcu.externaltools.gnu-tools-for-stm32.10.3-2021.10.win32_1.0.0.202111181127/tools/bin/../lib/gcc/arm-none-eabi/10.3.1/../../../../arm-none-eabi/lib/thumb/v7e-m+fp/hard\libm.a(lib_a-k_rem_pio2.o)
                0x00000000080122f8                __kernel_rem_pio2
 *fill*         0x0000000008012994        0x4 
 .text.__kernel_sin
                0x0000000008012998      0x17c c:/st/stm32cubeide_1.10.1/stm32cubeide/plugins/com.st.stm32cube.ide.mcu.externaltools.gnu-tools-for-stm32.10.3-2021.10.win32_1.0.0.202111181127/tools/bin/../lib/gcc/arm-none-eabi/10.3.1/../../../../arm-none-eabi/lib/thumb/v7e-m+fp/hard\libm.a(lib_a-k_sin.o)
                0x0000000008012998                __kernel_sin
 *fill*         0x0000000008012b14        0x4 
 .text.__kernel_tan
                0x0000000008012b18      0x414 c:/st/stm32cubeide_1.10.1/stm32cubeide/plugins/com.st.stm32cube.ide.mcu.externaltools.gnu-tools-for-stm32.10.3-2021.10.win32_1.0.0.202111181127/tools/bin/../lib/gcc/arm-none-eabi/10.3.1/../../../../arm-none-eabi/lib/thumb/v7e-m+fp/hard\libm.a(lib_a-k_tan.o)
                0x0000000008012b18                __kernel_tan
 .text.with_errno
                0x0000000008012f2c       0x14 c:/st/stm32cubeide_1.10.1/stm32cubeide/plugins/com.st.stm32cube.ide.mcu.externaltools.gnu-tools-for-stm32.10.3-2021.10.win32_1.0.0.202111181127/tools/bin/../lib/gcc/arm-none-eabi/10.3.1/../../../../arm-none-eabi/lib/thumb/v7e-m+fp/hard\libm.a(lib_a-math_err.o)
 .text.xflow    0x0000000008012f40       0x28 c:/st/stm32cubeide_1.10.1/stm32cubeide/plugins/com.st.stm32cube.ide.mcu.externaltools.gnu-tools-for-stm32.10.3-2021.10.win32_1.0.0.202111181127/tools/bin/../lib/gcc/arm-none-eabi/10.3.1/../../../../arm-none-eabi/lib/thumb/v7e-m+fp/hard\libm.a(lib_a-math_err.o)
 .text.__math_uflow
                0x0000000008012f68       0x12 c:/st/stm32cubeide_1.10.1/stm32cubeide/plugins/com.st.stm32cube.ide.mcu.externaltools.gnu-tools-for-stm32.10.3-2021.10.win32_1.0.0.202111181127/tools/bin/../lib/gcc/arm-none-eabi/10.3.1/../../../../arm-none-eabi/lib/thumb/v7e-m+fp/hard\libm.a(lib_a-math_err.o)
                0x0000000008012f68                __math_uflow
 .text.__math_oflow
                0x0000000008012f7a       0x12 c:/st/stm32cubeide_1.10.1/stm32cubeide/plugins/com.st.stm32cube.ide.mcu.externaltools.gnu-tools-for-stm32.10.3-2021.10.win32_1.0.0.202111181127/tools/bin/../lib/gcc/arm-none-eabi/10.3.1/../../../../arm-none-eabi/lib/thumb/v7e-m+fp/hard\libm.a(lib_a-math_err.o)
                0x0000000008012f7a                __math_oflow
 .text.finite   0x0000000008012f8c       0x16 c:/st/stm32cubeide_1.10.1/stm32cubeide/plugins/com.st.stm32cube.ide.mcu.externaltools.gnu-tools-for-stm32.10.3-2021.10.win32_1.0.0.202111181127/tools/bin/../lib/gcc/arm-none-eabi/10.3.1/../../../../arm-none-eabi/lib/thumb/v7e-m+fp/hard\libm.a(lib_a-s_finite.o)
                0x0000000008012f8c                finite
 *fill*         0x0000000008012fa2        0x6 
 .text.floor    0x0000000008012fa8      0x100 c:/st/stm32cubeide_1.10.1/stm32cubeide/plugins/com.st.stm32cube.ide.mcu.externaltools.gnu-tools-for-stm32.10.3-2021.10.win32_1.0.0.202111181127/tools/bin/../lib/gcc/arm-none-eabi/10.3.1/../../../../arm-none-eabi/lib/thumb/v7e-m+fp/hard\libm.a(lib_a-s_floor.o)
                0x0000000008012fa8                floor
 .text.nan      0x00000000080130a8       0x10 c:/st/stm32cubeide_1.10.1/stm32cubeide/plugins/com.st.stm32cube.ide.mcu.externaltools.gnu-tools-for-stm32.10.3-2021.10.win32_1.0.0.202111181127/tools/bin/../lib/gcc/arm-none-eabi/10.3.1/../../../../arm-none-eabi/lib/thumb/v7e-m+fp/hard\libm.a(lib_a-s_nan.o)
                0x00000000080130a8                nan
 .text.scalbn   0x00000000080130b8      0x10c c:/st/stm32cubeide_1.10.1/stm32cubeide/plugins/com.st.stm32cube.ide.mcu.externaltools.gnu-tools-for-stm32.10.3-2021.10.win32_1.0.0.202111181127/tools/bin/../lib/gcc/arm-none-eabi/10.3.1/../../../../arm-none-eabi/lib/thumb/v7e-m+fp/hard\libm.a(lib_a-s_scalbn.o)
                0x00000000080130b8                scalbn
 *(.glue_7)
 .glue_7        0x00000000080131c4        0x0 linker stubs
 *(.glue_7t)
 .glue_7t       0x00000000080131c4        0x0 linker stubs
 *(.eh_frame)
 .eh_frame      0x00000000080131c4        0x0 c:/st/stm32cubeide_1.10.1/stm32cubeide/plugins/com.st.stm32cube.ide.mcu.externaltools.gnu-tools-for-stm32.10.3-2021.10.win32_1.0.0.202111181127/tools/bin/../lib/gcc/arm-none-eabi/10.3.1/thumb/v7e-m+fp/hard/crtbegin.o
 *(.init)
 .init          0x00000000080131c4        0x4 c:/st/stm32cubeide_1.10.1/stm32cubeide/plugins/com.st.stm32cube.ide.mcu.externaltools.gnu-tools-for-stm32.10.3-2021.10.win32_1.0.0.202111181127/tools/bin/../lib/gcc/arm-none-eabi/10.3.1/thumb/v7e-m+fp/hard/crti.o
                0x00000000080131c4                _init
 .init          0x00000000080131c8        0x8 c:/st/stm32cubeide_1.10.1/stm32cubeide/plugins/com.st.stm32cube.ide.mcu.externaltools.gnu-tools-for-stm32.10.3-2021.10.win32_1.0.0.202111181127/tools/bin/../lib/gcc/arm-none-eabi/10.3.1/thumb/v7e-m+fp/hard/crtn.o
 *(.fini)
 .fini          0x00000000080131d0        0x4 c:/st/stm32cubeide_1.10.1/stm32cubeide/plugins/com.st.stm32cube.ide.mcu.externaltools.gnu-tools-for-stm32.10.3-2021.10.win32_1.0.0.202111181127/tools/bin/../lib/gcc/arm-none-eabi/10.3.1/thumb/v7e-m+fp/hard/crti.o
                0x00000000080131d0                _fini
 .fini          0x00000000080131d4        0x8 c:/st/stm32cubeide_1.10.1/stm32cubeide/plugins/com.st.stm32cube.ide.mcu.externaltools.gnu-tools-for-stm32.10.3-2021.10.win32_1.0.0.202111181127/tools/bin/../lib/gcc/arm-none-eabi/10.3.1/thumb/v7e-m+fp/hard/crtn.o
                0x00000000080131dc                . = ALIGN (0x4)
                0x00000000080131dc                _etext = .

.vfp11_veneer   0x00000000080131dc        0x0
 .vfp11_veneer  0x00000000080131dc        0x0 linker stubs

.v4_bx          0x00000000080131dc        0x0
 .v4_bx         0x00000000080131dc        0x0 linker stubs

.iplt           0x00000000080131dc        0x0
 .iplt          0x00000000080131dc        0x0 c:/st/stm32cubeide_1.10.1/stm32cubeide/plugins/com.st.stm32cube.ide.mcu.externaltools.gnu-tools-for-stm32.10.3-2021.10.win32_1.0.0.202111181127/tools/bin/../lib/gcc/arm-none-eabi/10.3.1/thumb/v7e-m+fp/hard/crtbegin.o

.rodata         0x00000000080131e0      0x430
                0x00000000080131e0                . = ALIGN (0x4)
 *(.rodata)
 .rodata        0x00000000080131e0       0x21 ./Core/Lib/CPDevVM/src/VM/vm.o
 *(.rodata*)
 *fill*         0x0000000008013201        0x3 
 .rodata.AHBPrescTable
                0x0000000008013204       0x10 ./Core/Src/system_stm32f4xx.o
                0x0000000008013204                AHBPrescTable
 .rodata.APBPrescTable
                0x0000000008013214        0x8 ./Core/Src/system_stm32f4xx.o
                0x0000000008013214                APBPrescTable
 .rodata.flagBitshiftOffset.0
                0x000000000801321c        0x8 ./Drivers/STM32F4xx_HAL_Driver/Src/stm32f4xx_hal_dma.o
 .rodata._global_impure_ptr
                0x0000000008013224        0x4 c:/st/stm32cubeide_1.10.1/stm32cubeide/plugins/com.st.stm32cube.ide.mcu.externaltools.gnu-tools-for-stm32.10.3-2021.10.win32_1.0.0.202111181127/tools/bin/../lib/gcc/arm-none-eabi/10.3.1/../../../../arm-none-eabi/lib/thumb/v7e-m+fp/hard\libc_nano.a(lib_a-impure.o)
                0x0000000008013224                _global_impure_ptr
 .rodata.srand.str1.1
                0x0000000008013228       0x72 c:/st/stm32cubeide_1.10.1/stm32cubeide/plugins/com.st.stm32cube.ide.mcu.externaltools.gnu-tools-for-stm32.10.3-2021.10.win32_1.0.0.202111181127/tools/bin/../lib/gcc/arm-none-eabi/10.3.1/../../../../arm-none-eabi/lib/thumb/v7e-m+fp/hard\libc_nano.a(lib_a-rand.o)
 .rodata.srandom.str1.1
                0x000000000801329a       0x5d c:/st/stm32cubeide_1.10.1/stm32cubeide/plugins/com.st.stm32cube.ide.mcu.externaltools.gnu-tools-for-stm32.10.3-2021.10.win32_1.0.0.202111181127/tools/bin/../lib/gcc/arm-none-eabi/10.3.1/../../../../arm-none-eabi/lib/thumb/v7e-m+fp/hard\libc_nano.a(lib_a-random.o)
                                         0x74 (size before relaxing)
 .rodata.__assert_func.str1.1
                0x00000000080132f7       0x3c c:/st/stm32cubeide_1.10.1/stm32cubeide/plugins/com.st.stm32cube.ide.mcu.externaltools.gnu-tools-for-stm32.10.3-2021.10.win32_1.0.0.202111181127/tools/bin/../lib/gcc/arm-none-eabi/10.3.1/../../../../arm-none-eabi/lib/thumb/v7e-m+fp/hard\libc_nano.a(lib_a-assert.o)
                                         0x3d (size before relaxing)
 .rodata._svfprintf_r.str1.1
                0x0000000008013333       0x11 c:/st/stm32cubeide_1.10.1/stm32cubeide/plugins/com.st.stm32cube.ide.mcu.externaltools.gnu-tools-for-stm32.10.3-2021.10.win32_1.0.0.202111181127/tools/bin/../lib/gcc/arm-none-eabi/10.3.1/../../../../arm-none-eabi/lib/thumb/v7e-m+fp/hard\libc_nano.a(lib_a-nano-svfprintf.o)
 .rodata._vfprintf_r.str1.1
                0x0000000008013344       0x11 c:/st/stm32cubeide_1.10.1/stm32cubeide/plugins/com.st.stm32cube.ide.mcu.externaltools.gnu-tools-for-stm32.10.3-2021.10.win32_1.0.0.202111181127/tools/bin/../lib/gcc/arm-none-eabi/10.3.1/../../../../arm-none-eabi/lib/thumb/v7e-m+fp/hard\libc_nano.a(lib_a-nano-vfprintf.o)
 .rodata._printf_i.str1.1
                0x0000000008013344       0x22 c:/st/stm32cubeide_1.10.1/stm32cubeide/plugins/com.st.stm32cube.ide.mcu.externaltools.gnu-tools-for-stm32.10.3-2021.10.win32_1.0.0.202111181127/tools/bin/../lib/gcc/arm-none-eabi/10.3.1/../../../../arm-none-eabi/lib/thumb/v7e-m+fp/hard\libc_nano.a(lib_a-nano-vfprintf_i.o)
 *fill*         0x0000000008013366        0x2 
 .rodata.__sf_fake_stderr
                0x0000000008013368       0x20 c:/st/stm32cubeide_1.10.1/stm32cubeide/plugins/com.st.stm32cube.ide.mcu.externaltools.gnu-tools-for-stm32.10.3-2021.10.win32_1.0.0.202111181127/tools/bin/../lib/gcc/arm-none-eabi/10.3.1/../../../../arm-none-eabi/lib/thumb/v7e-m+fp/hard\libc_nano.a(lib_a-findfp.o)
                0x0000000008013368                __sf_fake_stderr
 .rodata.__sf_fake_stdin
                0x0000000008013388       0x20 c:/st/stm32cubeide_1.10.1/stm32cubeide/plugins/com.st.stm32cube.ide.mcu.externaltools.gnu-tools-for-stm32.10.3-2021.10.win32_1.0.0.202111181127/tools/bin/../lib/gcc/arm-none-eabi/10.3.1/../../../../arm-none-eabi/lib/thumb/v7e-m+fp/hard\libc_nano.a(lib_a-findfp.o)
                0x0000000008013388                __sf_fake_stdin
 .rodata.__sf_fake_stdout
                0x00000000080133a8       0x20 c:/st/stm32cubeide_1.10.1/stm32cubeide/plugins/com.st.stm32cube.ide.mcu.externaltools.gnu-tools-for-stm32.10.3-2021.10.win32_1.0.0.202111181127/tools/bin/../lib/gcc/arm-none-eabi/10.3.1/../../../../arm-none-eabi/lib/thumb/v7e-m+fp/hard\libc_nano.a(lib_a-findfp.o)
                0x00000000080133a8                __sf_fake_stdout
 .rodata.atanhi
                0x00000000080133c8       0x20 c:/st/stm32cubeide_1.10.1/stm32cubeide/plugins/com.st.stm32cube.ide.mcu.externaltools.gnu-tools-for-stm32.10.3-2021.10.win32_1.0.0.202111181127/tools/bin/../lib/gcc/arm-none-eabi/10.3.1/../../../../arm-none-eabi/lib/thumb/v7e-m+fp/hard\libm.a(lib_a-s_atan.o)
 .rodata.atanlo
                0x00000000080133e8       0x20 c:/st/stm32cubeide_1.10.1/stm32cubeide/plugins/com.st.stm32cube.ide.mcu.externaltools.gnu-tools-for-stm32.10.3-2021.10.win32_1.0.0.202111181127/tools/bin/../lib/gcc/arm-none-eabi/10.3.1/../../../../arm-none-eabi/lib/thumb/v7e-m+fp/hard\libm.a(lib_a-s_atan.o)
 .rodata.acos.str1.1
                0x0000000008013408        0x1 c:/st/stm32cubeide_1.10.1/stm32cubeide/plugins/com.st.stm32cube.ide.mcu.externaltools.gnu-tools-for-stm32.10.3-2021.10.win32_1.0.0.202111181127/tools/bin/../lib/gcc/arm-none-eabi/10.3.1/../../../../arm-none-eabi/lib/thumb/v7e-m+fp/hard\libm.a(lib_a-w_acos.o)
 .rodata.asin.str1.1
                0x0000000008013408        0x1 c:/st/stm32cubeide_1.10.1/stm32cubeide/plugins/com.st.stm32cube.ide.mcu.externaltools.gnu-tools-for-stm32.10.3-2021.10.win32_1.0.0.202111181127/tools/bin/../lib/gcc/arm-none-eabi/10.3.1/../../../../arm-none-eabi/lib/thumb/v7e-m+fp/hard\libm.a(lib_a-w_asin.o)
 .rodata.log.str1.1
                0x0000000008013408        0x1 c:/st/stm32cubeide_1.10.1/stm32cubeide/plugins/com.st.stm32cube.ide.mcu.externaltools.gnu-tools-for-stm32.10.3-2021.10.win32_1.0.0.202111181127/tools/bin/../lib/gcc/arm-none-eabi/10.3.1/../../../../arm-none-eabi/lib/thumb/v7e-m+fp/hard\libm.a(lib_a-w_log.o)
 .rodata.log10.str1.1
                0x0000000008013408        0x1 c:/st/stm32cubeide_1.10.1/stm32cubeide/plugins/com.st.stm32cube.ide.mcu.externaltools.gnu-tools-for-stm32.10.3-2021.10.win32_1.0.0.202111181127/tools/bin/../lib/gcc/arm-none-eabi/10.3.1/../../../../arm-none-eabi/lib/thumb/v7e-m+fp/hard\libm.a(lib_a-w_log10.o)
 .rodata.halF   0x0000000008013408       0x10 c:/st/stm32cubeide_1.10.1/stm32cubeide/plugins/com.st.stm32cube.ide.mcu.externaltools.gnu-tools-for-stm32.10.3-2021.10.win32_1.0.0.202111181127/tools/bin/../lib/gcc/arm-none-eabi/10.3.1/../../../../arm-none-eabi/lib/thumb/v7e-m+fp/hard\libm.a(lib_a-e_exp.o)
 .rodata.ln2HI  0x0000000008013418       0x10 c:/st/stm32cubeide_1.10.1/stm32cubeide/plugins/com.st.stm32cube.ide.mcu.externaltools.gnu-tools-for-stm32.10.3-2021.10.win32_1.0.0.202111181127/tools/bin/../lib/gcc/arm-none-eabi/10.3.1/../../../../arm-none-eabi/lib/thumb/v7e-m+fp/hard\libm.a(lib_a-e_exp.o)
 .rodata.ln2LO  0x0000000008013428       0x10 c:/st/stm32cubeide_1.10.1/stm32cubeide/plugins/com.st.stm32cube.ide.mcu.externaltools.gnu-tools-for-stm32.10.3-2021.10.win32_1.0.0.202111181127/tools/bin/../lib/gcc/arm-none-eabi/10.3.1/../../../../arm-none-eabi/lib/thumb/v7e-m+fp/hard\libm.a(lib_a-e_exp.o)
 .rodata.npio2_hw
                0x0000000008013438       0x80 c:/st/stm32cubeide_1.10.1/stm32cubeide/plugins/com.st.stm32cube.ide.mcu.externaltools.gnu-tools-for-stm32.10.3-2021.10.win32_1.0.0.202111181127/tools/bin/../lib/gcc/arm-none-eabi/10.3.1/../../../../arm-none-eabi/lib/thumb/v7e-m+fp/hard\libm.a(lib_a-e_rem_pio2.o)
 .rodata.two_over_pi
                0x00000000080134b8      0x108 c:/st/stm32cubeide_1.10.1/stm32cubeide/plugins/com.st.stm32cube.ide.mcu.externaltools.gnu-tools-for-stm32.10.3-2021.10.win32_1.0.0.202111181127/tools/bin/../lib/gcc/arm-none-eabi/10.3.1/../../../../arm-none-eabi/lib/thumb/v7e-m+fp/hard\libm.a(lib_a-e_rem_pio2.o)
 .rodata.PIo2   0x00000000080135c0       0x40 c:/st/stm32cubeide_1.10.1/stm32cubeide/plugins/com.st.stm32cube.ide.mcu.externaltools.gnu-tools-for-stm32.10.3-2021.10.win32_1.0.0.202111181127/tools/bin/../lib/gcc/arm-none-eabi/10.3.1/../../../../arm-none-eabi/lib/thumb/v7e-m+fp/hard\libm.a(lib_a-k_rem_pio2.o)
 .rodata.init_jk
                0x0000000008013600       0x10 c:/st/stm32cubeide_1.10.1/stm32cubeide/plugins/com.st.stm32cube.ide.mcu.externaltools.gnu-tools-for-stm32.10.3-2021.10.win32_1.0.0.202111181127/tools/bin/../lib/gcc/arm-none-eabi/10.3.1/../../../../arm-none-eabi/lib/thumb/v7e-m+fp/hard\libm.a(lib_a-k_rem_pio2.o)
                0x0000000008013610                . = ALIGN (0x4)

.ARM.extab      0x0000000008013610        0x0
                0x0000000008013610                . = ALIGN (0x4)
 *(.ARM.extab* .gnu.linkonce.armextab.*)
                0x0000000008013610                . = ALIGN (0x4)

.ARM            0x0000000008013610        0x8
                0x0000000008013610                . = ALIGN (0x4)
                0x0000000008013610                __exidx_start = .
 *(.ARM.exidx*)
 .ARM.exidx     0x0000000008013610        0x8 c:/st/stm32cubeide_1.10.1/stm32cubeide/plugins/com.st.stm32cube.ide.mcu.externaltools.gnu-tools-for-stm32.10.3-2021.10.win32_1.0.0.202111181127/tools/bin/../lib/gcc/arm-none-eabi/10.3.1/thumb/v7e-m+fp/hard\libgcc.a(_udivmoddi4.o)
                0x0000000008013618                __exidx_end = .
                0x0000000008013618                . = ALIGN (0x4)

.rel.dyn        0x0000000008013618        0x0