../Core/Lib/CPDevVM/src/VM/vmlib\vmc_sysctrl.h:8:21:WMC_SYSCTRL	384	static
../Core/Lib/CPDevVM/src/VM/vmlib\vmc_sysmem.h:3:21:WMC_MMV	24	static
../Core/Lib/CPDevVM/src/VM/vmlib\vmc_custom.h:24:24:WMC_Custom	72	static
../Core/Lib/CPDevVM/src/VM/vmlib\vmc_add.h:13:21:WMC_ADD	120	static
../Core/Lib/CPDevVM/src/VM/vmlib\vmc_sub.h:10:21:WMC_SUB	104	static
../Core/Lib/CPDevVM/src/VM/vmlib\vmc_mul.h:14:21:WMC_MUL	88	static
../Core/Lib/CPDevVM/src/VM/vmlib\vmc_div_mod.h:21:21:WMC_DIV_MOD	120	static
../Core/Lib/CPDevVM/src/VM/vmlib\vmc_neg_not.h:20:21:WMC_NEG_NOT	88	static
../Core/Lib/CPDevVM/src/VM/vmlib\vmc_exp_abs.h:8:21:WMC_EXPT	136	static
../Core/Lib/CPDevVM/src/VM/vmlib\vmc_exp_abs.h:156:21:WMC_ABS	96	static
../Core/Lib/CPDevVM/src/VM/vmlib\vmc_exp_abs.h:243:21:WMC_MATH	224	static
../Core/Lib/CPDevVM/src/VM/vmlib\vmc_exp_abs.h:461:21:WMC_EXPT_ABS	16	static
../Core/Lib/CPDevVM/src/VM/vmlib\vmc_and.h:3:21:WMC_AND	56	static
../Core/Lib/CPDevVM/src/VM/vmlib\vmc_or.h:15:21:WMC_OR	56	static
../Core/Lib/CPDevVM/src/VM/vmlib\vmc_xor.h:13:21:WMC_XOR	56	static
../Core/Lib/CPDevVM/src/VM/vmlib\vmc_shi_rot.h:33:21:WMC_SHI_ROT	192	static
../Core/Lib/CPDevVM/src/VM/vmlib\vmc_sel.h:3:21:WMC_SEL	280	static
../Core/Lib/CPDevVM/src/VM/vmlib\vmc_limit.h:3:21:WMC_LIMIT	320	static
../Core/Lib/CPDevVM/src/VM/vmlib\vmc_max.h:3:21:WMC_MAX	248	static
../Core/Lib/CPDevVM/src/VM/vmlib\vmc_min.h:3:21:WMC_MIN	248	static
../Core/Lib/CPDevVM/src/VM/vmlib\vmc_gtge.h:3:21:WMC_GT	216	static
../Core/Lib/CPDevVM/src/VM/vmlib\vmc_gtge.h:191:21:WMC_GE	216	static
../Core/Lib/CPDevVM/src/VM/vmlib\vmc_ltle.h:3:21:WMC_LT	216	static
../Core/Lib/CPDevVM/src/VM/vmlib\vmc_ltle.h:192:21:WMC_LE	216	static
../Core/Lib/CPDevVM/src/VM/vmlib\vmc_eqne.h:23:21:WMC_EQ	216	static
../Core/Lib/CPDevVM/src/VM/vmlib\vmc_eqne.h:116:21:WMC_NE	216	static
../Core/Lib/CPDevVM/src/VM/vmlib\vmc_mux.h:24:21:WMC_MUX	112	static
../Core/Lib/CPDevVM/src/VM/vmlib\vmc_conv.h:3:21:WMC_CONV	104	static
../Core/Lib/CPDevVM/src/VM/vmlib\vmc_datetime.h:5:21:WMC_DOW	40	static
../Core/Lib/CPDevVM/src/VM/vmlib\vmc_datetime.h:39:9:equDATE	16	static
../Core/Lib/CPDevVM/src/VM/vmlib\vmc_datetime.h:55:9:equTOD	16	static
../Core/Lib/CPDevVM/src/VM/vmlib\vmc_datetime.h:75:9:equDATE_AND_TIME	32	static
../Core/Lib/CPDevVM/src/VM/vmlib\vmc_datetime.h:87:9:lessDATE	16	static
../Core/Lib/CPDevVM/src/VM/vmlib\vmc_datetime.h:103:9:lessTOD	16	static
../Core/Lib/CPDevVM/src/VM/vmlib\vmc_datetime.h:123:9:lessDATE_AND_TIME	32	static
../Core/Lib/CPDevVM/src/VM/vmlib\vmc_datetime.h:135:5:dow	24	static
../Core/Lib/CPDevVM/src/VM/vmlib\vmc_pointers.h:10:21:WMC_Pointers	72	static
../Core/Lib/CPDevVM/src/VM/vmlib\vmc_string.h:33:21:WMC_String	656	static
../Core/Lib/CPDevVM/src/VM/vmlib\vmc_string.h:712:6:copySTRING	32	static
../Core/Lib/CPDevVM/src/VM/vmlib\vmc_string.h:728:9:lessSTRING	24	static
../Core/Lib/CPDevVM/src/VM/vmlib\vmc_string.h:747:9:equSTRING	24	static
../Core/Lib/CPDevVM/src/VM/vmlib\vmc_string.h:757:6:midSTRING	32	static
../Core/Lib/CPDevVM/src/VM/vmlib\vmc_string.h:774:8:findSTRING	40	static
../Core/Lib/CPDevVM/src/VM/vmlib\vmc_string.h:792:21:getSTRING	16	static
../Core/Lib/CPDevVM/src/VM/vmlib\vmc_string.h:800:21:setSTRING	24	static
../Core/Lib/CPDevVM/src/VM/vmfunc\vm_stack.h:4:21:push_DataOfsStack	16	static
../Core/Lib/CPDevVM/src/VM/vmfunc\vm_stack.h:12:27:pull_DataOfsStack	8	static
../Core/Lib/CPDevVM/src/VM/vmfunc\vm_stack.h:23:21:push_CallingStack	16	static
../Core/Lib/CPDevVM/src/VM/vmfunc\vm_stack.h:31:27:pull_CallingStack	8	static
../Core/Lib/CPDevVM/src/VM/vmfunc\vm_stack.h:42:21:clear_Stacks	4	static
../Core/Lib/CPDevVM/src/VM/vm.c:24:30:WM_GetCycles	4	static
../Core/Lib/CPDevVM/src/VM/vm.c:25:24:WM_GetStatus1	4	static
../Core/Lib/CPDevVM/src/VM/vm.c:27:21:WM_InitRegisters	8	static
../Core/Lib/CPDevVM/src/VM/vm.c:41:20:WM_RunCommand	16	static
../Core/Lib/CPDevVM/src/VM/vm.c:207:21:WM_Initialize	16	static
../Core/Lib/CPDevVM/src/VM/vm.c:237:21:WM_RunCycle	8	static
../Core/Lib/CPDevVM/src/VM/vm.c:255:21:WM_Shutdown	8	static
../Core/Lib/CPDevVM/src/VM/vm.c:264:20:WM_Run	16	static
../Core/Lib/CPDevVM/src/VM/vm.c:278:20:WM_Stop	4	static
../Core/Lib/CPDevVM/src/VM/vm.c:283:20:WM_GetData	24	static
../Core/Lib/CPDevVM/src/VM/vm.c:290:20:WM_SetData	24	static
